Component: ARM Compiler 5.05 update 1 (build 106) Tool: armlink [4d0efa]

==============================================================================

Section Cross References

    main.o(.text) refers to printf3.o(i.__0printf$3) for __2printf
    main.o(.text) refers to my_usart.o(.text) for afterDeal
    main.o(.text) refers to strcmp.o(.text) for strcmp
    main.o(.text) refers to atoi.o(.text) for atoi
    main.o(.text) refers to dac.o(.text) for DAC1_F_Control
    main.o(.text) refers to delay.o(.text) for delay_init
    main.o(.text) refers to misc.o(.text) for NVIC_PriorityGroupConfig
    main.o(.text) refers to led.o(.text) for LED_Init
    main.o(.text) refers to key.o(.text) for Key_Init
    main.o(.text) refers to adc.o(.text) for ADC1_Init
    main.o(.text) refers to stm32f10x_exti.o(.text) for EXTI_ClearITPendingBit
    main.o(.text) refers to stm32f10x_tim.o(.text) for TIM_GetITStatus
    main.o(.text) refers to dflti.o(.text) for __aeabi_i2d
    main.o(.text) refers to dmul.o(.text) for __aeabi_dmul
    main.o(.text) refers to dfixui.o(.text) for __aeabi_d2uiz
    main.o(.text) refers to main.o(.data) for times
    system_stm32f10x.o(.text) refers to system_stm32f10x.o(.data) for SystemCoreClock
    startup_stm32f10x_hd.o(RESET) refers to startup_stm32f10x_hd.o(STACK) for __initial_sp
    startup_stm32f10x_hd.o(RESET) refers to startup_stm32f10x_hd.o(.text) for Reset_Handler
    startup_stm32f10x_hd.o(RESET) refers to stm32f10x_it.o(.text) for NMI_Handler
    startup_stm32f10x_hd.o(RESET) refers to main.o(.text) for TIM3_IRQHandler
    startup_stm32f10x_hd.o(RESET) refers to my_usart.o(.text) for USART2_IRQHandler
    startup_stm32f10x_hd.o(.text) refers to system_stm32f10x.o(.text) for SystemInit
    startup_stm32f10x_hd.o(.text) refers to entry.o(.ARM.Collect$$$$00000000) for __main
    stm32f10x_adc.o(.text) refers to stm32f10x_rcc.o(.text) for RCC_APB2PeriphResetCmd
    stm32f10x_bkp.o(.text) refers to stm32f10x_rcc.o(.text) for RCC_BackupResetCmd
    stm32f10x_can.o(.text) refers to stm32f10x_rcc.o(.text) for RCC_APB1PeriphResetCmd
    stm32f10x_cec.o(.text) refers to stm32f10x_rcc.o(.text) for RCC_APB1PeriphResetCmd
    stm32f10x_dac.o(.text) refers to stm32f10x_rcc.o(.text) for RCC_APB1PeriphResetCmd
    stm32f10x_gpio.o(.text) refers to stm32f10x_rcc.o(.text) for RCC_APB2PeriphResetCmd
    stm32f10x_i2c.o(.text) refers to stm32f10x_rcc.o(.text) for RCC_APB1PeriphResetCmd
    stm32f10x_pwr.o(.text) refers to stm32f10x_rcc.o(.text) for RCC_APB1PeriphResetCmd
    stm32f10x_rcc.o(.text) refers to stm32f10x_rcc.o(.data) for APBAHBPrescTable
    stm32f10x_spi.o(.text) refers to stm32f10x_rcc.o(.text) for RCC_APB2PeriphResetCmd
    stm32f10x_tim.o(.text) refers to stm32f10x_rcc.o(.text) for RCC_APB2PeriphResetCmd
    stm32f10x_usart.o(.text) refers to stm32f10x_rcc.o(.text) for RCC_APB2PeriphResetCmd
    stm32f10x_wwdg.o(.text) refers to stm32f10x_rcc.o(.text) for RCC_APB1PeriphResetCmd
    delay.o(.text) refers to misc.o(.text) for SysTick_CLKSourceConfig
    delay.o(.text) refers to system_stm32f10x.o(.data) for SystemCoreClock
    delay.o(.text) refers to delay.o(.data) for fac_us
    usart.o(.text) refers to stm32f10x_rcc.o(.text) for RCC_APB2PeriphClockCmd
    usart.o(.text) refers to stm32f10x_gpio.o(.text) for GPIO_Init
    usart.o(.text) refers to misc.o(.text) for NVIC_Init
    usart.o(.text) refers to stm32f10x_usart.o(.text) for USART_Init
    led.o(.text) refers to stm32f10x_rcc.o(.text) for RCC_APB2PeriphClockCmd
    led.o(.text) refers to stm32f10x_gpio.o(.text) for GPIO_Init
    tool.o(.text) refers to strlen.o(.text) for strlen
    input.o(.text) refers to stm32f10x_rcc.o(.text) for RCC_APB2PeriphClockCmd
    input.o(.text) refers to stm32f10x_gpio.o(.text) for GPIO_PinRemapConfig
    input.o(.text) refers to stm32f10x_exti.o(.text) for EXTI_Init
    input.o(.text) refers to misc.o(.text) for NVIC_Init
    input.o(.text) refers to stm32f10x_tim.o(.text) for TIM_TimeBaseInit
    capture.o(.text) refers to stm32f10x_tim.o(.text) for TIM_DeInit
    capture.o(.text) refers to stm32f10x_rcc.o(.text) for RCC_APB1PeriphClockCmd
    capture.o(.text) refers to stm32f10x_gpio.o(.text) for GPIO_Init
    capture.o(.text) refers to misc.o(.text) for NVIC_Init
    key.o(.text) refers to stm32f10x_rcc.o(.text) for RCC_APB2PeriphClockCmd
    key.o(.text) refers to stm32f10x_gpio.o(.text) for GPIO_PinRemapConfig
    key.o(.text) refers to delay.o(.text) for delay_ms
    key.o(.text) refers to printf3.o(i.__0printf$3) for __2printf
    key.o(.text) refers to key.o(.data) for key_up
    my_usart.o(.text) refers to _scanf_str.o(.text) for _scanf_string
    my_usart.o(.text) refers to stm32f10x_rcc.o(.text) for RCC_APB2PeriphClockCmd
    my_usart.o(.text) refers to stm32f10x_usart.o(.text) for USART_DeInit
    my_usart.o(.text) refers to stm32f10x_gpio.o(.text) for GPIO_Init
    my_usart.o(.text) refers to misc.o(.text) for NVIC_Init
    my_usart.o(.text) refers to tool.o(.text) for clear
[...]
    printf7.o(i.__0vsprintf$7) refers to printf7.o(i._sputc) for _sputc
    printf7.o(i._printf_core) refers to printf7.o(i._printf_pre_padding) for _printf_pre_padding
    printf7.o(i._printf_core) refers to uldiv.o(.text) for __aeabi_uldivmod
    printf7.o(i._printf_core) refers to printf7.o(i._printf_post_padding) for _printf_post_padding
    printf8.o(i.__0fprintf$8) refers to printf8.o(i._printf_core) for _printf_core
    printf8.o(i.__0fprintf$8) refers to my_usart.o(.text) for fputc
    printf8.o(i.__0printf$8) refers to printf8.o(i._printf_core) for _printf_core
    printf8.o(i.__0printf$8) refers to my_usart.o(.text) for fputc
    printf8.o(i.__0printf$8) refers to usart.o(.data) for __stdout
    printf8.o(i.__0snprintf$8) refers to printf8.o(i._printf_core) for _printf_core
    printf8.o(i.__0snprintf$8) refers to printf8.o(i._snputc) for _snputc
    printf8.o(i.__0sprintf$8) refers to printf8.o(i._printf_core) for _printf_core
    printf8.o(i.__0sprintf$8) refers to printf8.o(i._sputc) for _sputc
    printf8.o(i.__0vfprintf$8) refers to printf8.o(i._printf_core) for _printf_core
    printf8.o(i.__0vfprintf$8) refers to my_usart.o(.text) for fputc
    printf8.o(i.__0vprintf$8) refers to printf8.o(i._printf_core) for _printf_core
    printf8.o(i.__0vprintf$8) refers to my_usart.o(.text) for fputc
    printf8.o(i.__0vprintf$8) refers to usart.o(.data) for __stdout
    printf8.o(i.__0vsnprintf$8) refers to printf8.o(i._printf_core) for _printf_core
    printf8.o(i.__0vsnprintf$8) refers to printf8.o(i._snputc) for _snputc
    printf8.o(i.__0vsprintf$8) refers to printf8.o(i._printf_core) for _printf_core
    printf8.o(i.__0vsprintf$8) refers to printf8.o(i._sputc) for _sputc
    printf8.o(i._printf_core) refers to printf8.o(i._printf_pre_padding) for _printf_pre_padding
    printf8.o(i._printf_core) refers to uldiv.o(.text) for __aeabi_uldivmod
    printf8.o(i._printf_core) refers to printf8.o(i._printf_post_padding) for _printf_post_padding
    printfa.o(i.__0fprintf) refers (Special) to iusefp.o(.text) for __I$use$fp
    printfa.o(i.__0fprintf) refers to printfa.o(i._printf_core) for _printf_core
    printfa.o(i.__0fprintf) refers to my_usart.o(.text) for fputc
    printfa.o(i.__0printf) refers (Special) to iusefp.o(.text) for __I$use$fp
    printfa.o(i.__0printf) refers to printfa.o(i._printf_core) for _printf_core
    printfa.o(i.__0printf) refers to my_usart.o(.text) for fputc
    printfa.o(i.__0printf) refers to usart.o(.data) for __stdout
    printfa.o(i.__0snprintf) refers (Special) to iusefp.o(.text) for __I$use$fp
    printfa.o(i.__0snprintf) refers to printfa.o(i._printf_core) for _printf_core
    printfa.o(i.__0snprintf) refers to printfa.o(i._snputc) for _snputc
    printfa.o(i.__0sprintf) refers (Special) to iusefp.o(.text) for __I$use$fp
    printfa.o(i.__0sprintf) refers to printfa.o(i._printf_core) for _printf_core
    printfa.o(i.__0sprintf) refers to printfa.o(i._sputc) for _sputc
    printfa.o(i.__0vfprintf) refers (Special) to iusefp.o(.text) for __I$use$fp
    printfa.o(i.__0vfprintf) refers to printfa.o(i._printf_core) for _printf_core
    printfa.o(i.__0vfprintf) refers to my_usart.o(.text) for fputc
    printfa.o(i.__0vprintf) refers (Special) to iusefp.o(.text) for __I$use$fp
    printfa.o(i.__0vprintf) refers to printfa.o(i._printf_core) for _printf_core
    printfa.o(i.__0vprintf) refers to my_usart.o(.text) for fputc
    printfa.o(i.__0vprintf) refers to usart.o(.data) for __stdout
    printfa.o(i.__0vsnprintf) refers (Special) to iusefp.o(.text) for __I$use$fp
    printfa.o(i.__0vsnprintf) refers to printfa.o(i._printf_core) for _printf_core
    printfa.o(i.__0vsnprintf) refers to printfa.o(i._snputc) for _snputc
    printfa.o(i.__0vsprintf) refers (Special) to iusefp.o(.text) for __I$use$fp
    printfa.o(i.__0vsprintf) refers to printfa.o(i._printf_core) for _printf_core
    printfa.o(i.__0vsprintf) refers to printfa.o(i._sputc) for _sputc
    printfa.o(i._fp_digits) refers (Special) to iusefp.o(.text) for __I$use$fp
    printfa.o(i._fp_digits) refers to dmul.o(.text) for __aeabi_dmul
    printfa.o(i._fp_digits) refers to ddiv.o(.text) for __aeabi_ddiv
    printfa.o(i._fp_digits) refers to cdrcmple.o(.text) for __aeabi_cdrcmple
    printfa.o(i._fp_digits) refers to dadd.o(.text) for __aeabi_dadd
    printfa.o(i._fp_digits) refers to dfixul.o(.text) for __aeabi_d2ulz
    printfa.o(i._fp_digits) refers to uldiv.o(.text) for __aeabi_uldivmod
    printfa.o(i._printf_core) refers (Special) to iusefp.o(.text) for __I$use$fp
    printfa.o(i._printf_core) refers to printfa.o(i._printf_pre_padding) for _printf_pre_padding
    printfa.o(i._printf_core) refers to uldiv.o(.text) for __aeabi_uldivmod
    printfa.o(i._printf_core) refers to printfa.o(i._printf_post_padding) for _printf_post_padding
    printfa.o(i._printf_core) refers to printfa.o(i._fp_digits) for _fp_digits
    printfa.o(i._printf_core) refers to uidiv.o(.text) for __aeabi_uidivmod
    printfa.o(i._printf_post_padding) refers (Special) to iusefp.o(.text) for __I$use$fp
    printfa.o(i._printf_pre_padding) refers (Special) to iusefp.o(.text) for __I$use$fp
    printfa.o(i._snputc) refers (Special) to iusefp.o(.text) for __I$use$fp
    printfa.o(i._sputc) refers (Special) to iusefp.o(.text) for __I$use$fp
    __0sscanf.o(.text) refers to scanf_char.o(.text) for __vfscanf_char
    __0sscanf.o(.text) refers to _sgetc.o(.text) for _sgetc
    atoi.o(.text) refers to errno.o(i.__aeabi_errno_addr) for __aeabi_errno_addr
    atoi.o(.text) refers to strtol.o(.text) for strtol
    fmul.o(.text) refers (Special) to iusefp.o(.text) for __I$use$fp
    fdiv.o(.text) refers (Special) to iusefp.o(.text) for __I$use$fp
    fdiv.o(.text) refers to fepilogue.o(.text) for _float_round
    dmul.o(.text) refers (Special) to iusefp.o(.text) for __I$use$fp
    dmul.o(.text) refers to depilogue.o(.text) for _double_epilogue
    ddiv.o(.text) refers (Special) to iusefp.o(.text) for __I$use$fp
    ddiv.o(.text) refers to depilogue.o(.text) for _double_round
    ffltui.o(.text) refers (Special) to iusefp.o(.text) for __I$use$fp
    ffltui.o(.text) refers to fepilogue.o(.text) for _float_epilogue
    dflti.o(.text) refers (Special) to iusefp.o(.text) for __I$use$fp
    dflti.o(.text) refers to depilogue.o(.text) for _double_epilogue
    ffixui.o(.text) refers (Special) to iusefp.o(.text) for __I$use$fp
    dfixui.o(.text) refers (Special) to iusefp.o(.text) for __I$use$fp
    dfixui.o(.text) refers to llushr.o(.text) for __aeabi_llsr
    f2d.o(.text) refers (Special) to iusefp.o(.text) for __I$use$fp
    d2f.o(.text) refers (Special) to iusefp.o(.text) for __I$use$fp
    d2f.o(.text) refers to fepilogue.o(.text) for _float_round
    entry2.o(.ARM.Collect$$$$00000001) refers to entry2.o(.ARM.Collect$$$$00002712) for __lit__00000000
    entry2.o(.ARM.Collect$$$$00002712) refers to startup_stm32f10x_hd.o(STACK) for __initial_sp
    entry2.o(__vectab_stack_and_reset_area) refers to startup_stm32f10x_hd.o(STACK) for __initial_sp
    entry2.o(__vectab_stack_and_reset_area) refers to entry.o(.ARM.Collect$$$$00000000) for __main
    entry5.o(.ARM.Collect$$$$00000004) refers to init.o(.text) for __scatterload
    entry9a.o(.ARM.Collect$$$$0000000B) refers to main.o(.text) for main
    entry9b.o(.ARM.Collect$$$$0000000C) refers to main.o(.text) for main
    uldiv.o(.text) refers to llushr.o(.text) for __aeabi_llsr
    uldiv.o(.text) refers to llshl.o(.text) for __aeabi_llsl
    errno.o(i.__aeabi_errno_addr) refers to errno.o(.data) for .data
    errno.o(i.__read_errno) refers to errno.o(.data) for .data
    errno.o(i.__set_errno) refers to errno.o(.data) for .data
    scanf_char.o(.text) refers to _scanf.o(.text) for __vfscanf
    scanf_char.o(.text) refers to isspace_o.o(.text) for isspace
    strtol.o(.text) refers to ctype_o.o(.text) for __rt_ctype_table
    strtol.o(.text) refers to _strtoul.o(.text) for _strtoul
    strtol.o(.text) refers to errno.o(i.__aeabi_errno_addr) for __aeabi_errno_addr
    depilogue.o(.text) refers to llshl.o(.text) for __aeabi_llsl
    depilogue.o(.text) refers to llushr.o(.text) for __aeabi_llsr
    dadd.o(.text) refers to llshl.o(.text) for __aeabi_llsl
    dadd.o(.text) refers to llsshr.o(.text) for __aeabi_lasr
    dadd.o(.text) refers to depilogue.o(.text) for _double_epilogue
    dfixul.o(.text) refers to llushr.o(.text) for __aeabi_llsr
    dfixul.o(.text) refers to llshl.o(.text) for __aeabi_llsl
    init.o(.text) refers to entry5.o(.ARM.Collect$$$$00000004) for __main_after_scatterload
    isspace_c.o(.text) refers to ctype_c.o(.text) for __ctype_lookup
    ctype_o.o(.text) refers to ctype_o.o(.constdata) for .constdata
    ctype_o.o(.constdata) refers to ctype_o.o(.constdata) for __ctype_table
    isalnum_o.o(.text) refers to ctype_o.o(.text) for __rt_ctype_table
    isalpha_o.o(.text) refers to ctype_o.o(.text) for __rt_ctype_table
    isblank_o.o(.text) refers to ctype_o.o(.constdata) for __ctype_table
    iscntrl_o.o(.text) refers to ctype_o.o(.text) for __rt_ctype_table
    isdigit_o.o(.text) refers to ctype_o.o(.text) for __rt_ctype_table
    isgraph_o.o(.text) refers to ctype_o.o(.text) for __rt_ctype_table
    islower_o.o(.text) refers to ctype_o.o(.text) for __rt_ctype_table
    isprint_o.o(.text) refers to ctype_o.o(.text) for __rt_ctype_table
    ispunct_o.o(.text) refers to ctype_o.o(.text) for __rt_ctype_table
    isspace_o.o(.text) refers to ctype_o.o(.text) for __rt_ctype_table
    isupper_o.o(.text) refers to ctype_o.o(.text) for __rt_ctype_table
    isxdigit_o.o(.text) refers to ctype_o.o(.text) for __rt_ctype_table
    _scanf.o(.text) refers (Weak) to _scanf_str.o(.text) for _scanf_string
    _strtoul.o(.text) refers to _chval.o(.text) for _chval
    _strtoul.o(.text) refers to errno.o(i.__aeabi_errno_addr) for __aeabi_errno_addr
    ctype_c.o(.text) refers to ctype_c.o(.constdata) for .constdata


==============================================================================

Removing Unused input sections from the image.

    Removing main.o(.bss), (40 bytes).
    Removing core_cm3.o(.emb_text), (32 bytes).
    Removing startup_stm32f10x_hd.o(HEAP), (512 bytes).
    Removing stm32f10x_bkp.o(.text), (196 bytes).
    Removing stm32f10x_can.o(.text), (2544 bytes).
    Removing stm32f10x_cec.o(.text), (288 bytes).
    Removing stm32f10x_crc.o(.text), (72 bytes).
    Removing stm32f10x_dbgmcu.o(.text), (48 bytes).
    Removing stm32f10x_flash.o(.text), (1468 bytes).
    Removing stm32f10x_fsmc.o(.text), (1548 bytes).
    Removing stm32f10x_i2c.o(.text), (1028 bytes).
    Removing stm32f10x_iwdg.o(.text), (64 bytes).
    Removing stm32f10x_pwr.o(.text), (204 bytes).
    Removing stm32f10x_rtc.o(.text), (328 bytes).
    Removing stm32f10x_sdio.o(.text), (468 bytes).
    Removing stm32f10x_spi.o(.text), (780 bytes).
    Removing stm32f10x_wwdg.o(.text), (136 bytes).
    Removing sys.o(.emb_text), (6 bytes).
    Removing sys.o(.text), (12 bytes).
    Removing usart.o(.text), (164 bytes).
    Removing usart.o(.bss), (200 bytes).
    Removing input.o(.text), (240 bytes).
    Removing capture.o(.text), (252 bytes).
    Removing capture.o(.bss), (10 bytes).
    Removing dadd.o(.text), (334 bytes).
    Removing dfixul.o(.text), (48 bytes).
    Removing cdrcmple.o(.text), (48 bytes).

27 unused section(s) (total 11070 bytes) removed from the image.

==============================================================================

Image Symbol Table

    Local Symbols

    Symbol Name                              Value     Ov Type        Size  Object(Section)

    ../clib/microlib/ctype/ctype.c           0x00000000   Number         0  islower_o.o ABSOLUTE
    ../clib/microlib/ctype/ctype.c           0x00000000   Number         0  isalnum_o.o ABSOLUTE
    ../clib/microlib/ctype/ctype.c           0x00000000   Number         0  ctype_c.o ABSOLUTE
    ../clib/microlib/ctype/ctype.c           0x00000000   Number         0  isblank_o.o ABSOLUTE
    ../clib/microlib/ctype/ctype.c           0x00000000   Number         0  isalpha_o.o ABSOLUTE
    ../clib/microlib/ctype/ctype.c           0x00000000   Number         0  isxdigit_o.o ABSOLUTE
    ../clib/microlib/ctype/ctype.c           0x00000000   Number         0  isupper_o.o ABSOLUTE
    ../clib/microlib/ctype/ctype.c           0x00000000   Number         0  isspace_o.o ABSOLUTE
    ../clib/microlib/ctype/ctype.c           0x00000000   Number         0  ispunct_o.o ABSOLUTE
    ../clib/microlib/ctype/ctype.c           0x00000000   Number         0  isprint_o.o ABSOLUTE
    ../clib/microlib/ctype/ctype.c           0x00000000   Number         0  isspace_c.o ABSOLUTE
    ../clib/microlib/ctype/ctype.c           0x00000000   Number         0  isgraph_o.o ABSOLUTE
    ../clib/microlib/ctype/ctype.c           0x00000000   Number         0  isdigit_o.o ABSOLUTE
    ../clib/microlib/ctype/ctype.c           0x00000000   Number         0  ctype_o.o ABSOLUTE
    ../clib/microlib/ctype/ctype.c           0x00000000   Number         0  iscntrl_o.o ABSOLUTE
    ../clib/microlib/division.c              0x00000000   Number         0  uldiv.o ABSOLUTE
    ../clib/microlib/division.c              0x00000000   Number         0  uidiv.o ABSOLUTE
    ../clib/microlib/errno.c                 0x00000000   Number         0  errno.o ABSOLUTE
    ../clib/microlib/init/entry.s            0x00000000   Number         0  entry8b.o ABSOLUTE
    ../clib/microlib/init/entry.s            0x00000000   Number         0  entry9a.o ABSOLUTE
    ../clib/microlib/init/entry.s            0x00000000   Number         0  entry11b.o ABSOLUTE
    ../clib/microlib/init/entry.s            0x00000000   Number         0  entry9b.o ABSOLUTE
    ../clib/microlib/init/entry.s            0x00000000   Number         0  entry10a.o ABSOLUTE
    ../clib/microlib/init/entry.s            0x00000000   Number         0  entry10b.o ABSOLUTE
    ../clib/microlib/init/entry.s            0x00000000   Number         0  entry11a.o ABSOLUTE
    ../clib/microlib/init/entry.s            0x00000000   Number         0  entry.o ABSOLUTE
    ../clib/microlib/init/entry.s            0x00000000   Number         0  entry5.o ABSOLUTE
    ../clib/microlib/init/entry.s            0x00000000   Number         0  entry2.o ABSOLUTE
    ../clib/microlib/init/entry.s            0x00000000   Number         0  entry7a.o ABSOLUTE
    ../clib/microlib/init/entry.s            0x00000000   Number         0  entry7b.o ABSOLUTE
    ../clib/microlib/init/entry.s            0x00000000   Number         0  entry8a.o ABSOLUTE
    ../clib/microlib/longlong.c              0x00000000   Number         0  llushr.o ABSOLUTE
    ../clib/microlib/longlong.c              0x00000000   Number         0  llshl.o ABSOLUTE
    ../clib/microlib/longlong.c              0x00000000   Number         0  llsshr.o ABSOLUTE
    ../clib/microlib/printf/printf.c         0x00000000   Number         0  printf8.o ABSOLUTE
    ../clib/microlib/printf/printf.c         0x00000000   Number         0  printf2.o ABSOLUTE
    ../clib/microlib/printf/printf.c         0x00000000   Number         0  printf1.o ABSOLUTE
    ../clib/microlib/printf/printf.c         0x00000000   Number         0  printf0.o ABSOLUTE
    ../clib/microlib/printf/printf.c         0x00000000   Number         0  printfb.o ABSOLUTE
    ../clib/microlib/printf/printf.c         0x00000000   Number         0  printf7.o ABSOLUTE
    ../clib/microlib/printf/printf.c         0x00000000   Number         0  printfa.o ABSOLUTE
    ../clib/microlib/printf/printf.c         0x00000000   Number         0  printf3.o ABSOLUTE
    ../clib/microlib/printf/printf.c         0x00000000   Number         0  printf4.o ABSOLUTE
    ../clib/microlib/printf/printf.c         0x00000000   Number         0  printf5.o ABSOLUTE
    ../clib/microlib/printf/printf.c         0x00000000   Number         0  printf6.o ABSOLUTE
    ../clib/microlib/printf/stubs.s          0x00000000   Number         0  stubs.o ABSOLUTE
    ../clib/microlib/string/memcpy.c         0x00000000   Number         0  memcpyb.o ABSOLUTE
    ../clib/microlib/string/memcpy.c         0x00000000   Number         0  memcpya.o ABSOLUTE
    ../clib/microlib/string/memset.c         0x00000000   Number         0  memseta.o ABSOLUTE
    ../clib/microlib/string/strcmp.c         0x00000000   Number         0  strcmp.o ABSOLUTE
    ../clib/microlib/string/strlen.c         0x00000000   Number         0  strlen.o ABSOLUTE
    ../clib/microlib/stubs.s                 0x00000000   Number         0  iusefp.o ABSOLUTE
    ../clib/scanf.c                          0x00000000   Number         0  _sgetc.o ABSOLUTE
    ../clib/scanf.c                          0x00000000   Number         0  atoi.o ABSOLUTE
    ../clib/scanf.c                          0x00000000   Number         0  _chval.o ABSOLUTE
    ../clib/scanf.c                          0x00000000   Number         0  _scanf_str.o ABSOLUTE
    ../clib/scanf.c                          0x00000000   Number         0  __0sscanf.o ABSOLUTE
    ../clib/scanf.c                          0x00000000   Number         0  _strtoul.o ABSOLUTE
    ../clib/scanf.c                          0x00000000   Number         0  _scanf.o ABSOLUTE
    ../clib/scanf.c                          0x00000000   Number         0  scanf_char.o ABSOLUTE
    ../clib/scanf.c                          0x00000000   Number         0  strtol.o ABSOLUTE
    ../fplib/microlib/d2f.c                  0x00000000   Number         0  d2f.o ABSOLUTE
    ../fplib/microlib/f2d.c                  0x00000000   Number         0  f2d.o ABSOLUTE
    ../fplib/microlib/fpadd.c                0x00000000   Number         0  dadd.o ABSOLUTE
    ../fplib/microlib/fpdiv.c                0x00000000   Number         0  ddiv.o ABSOLUTE
    ../fplib/microlib/fpdiv.c                0x00000000   Number         0  fdiv.o ABSOLUTE
    ../fplib/microlib/fpepilogue.c           0x00000000   Number         0  fepilogue.o ABSOLUTE
    ../fplib/microlib/fpepilogue.c           0x00000000   Number         0  depilogue.o ABSOLUTE
    ../fplib/microlib/fpfix.c                0x00000000   Number         0  dfixul.o ABSOLUTE
    ../fplib/microlib/fpfix.c                0x00000000   Number         0  ffixui.o ABSOLUTE
    ../fplib/microlib/fpfix.c                0x00000000   Number         0  dfixui.o ABSOLUTE
    ../fplib/microlib/fpflt.c                0x00000000   Number         0  ffltui.o ABSOLUTE
    ../fplib/microlib/fpflt.c                0x00000000   Number         0  dflti.o ABSOLUTE
    ../fplib/microlib/fpmul.c                0x00000000   Number         0  dmul.o ABSOLUTE
    ../fplib/microlib/fpmul.c                0x00000000   Number         0  fmul.o ABSOLUTE
    ..\CORE\core_cm3.c                       0x00000000   Number         0  core_cm3.o ABSOLUTE
    ..\CORE\startup_stm32f10x_hd.s           0x00000000   Number         0  startup_stm32f10x_hd.o ABSOLUTE
    ..\MyLib\Tool.c                          0x00000000   Number         0  tool.o ABSOLUTE
    ..\MyLib\adc.c                           0x00000000   Number         0  adc.o ABSOLUTE
    ..\MyLib\capture.c                       0x00000000   Number         0  capture.o ABSOLUTE
    ..\MyLib\dac.c                           0x00000000   Number         0  dac.o ABSOLUTE
    ..\MyLib\input.c                         0x00000000   Number         0  input.o ABSOLUTE
    ..\MyLib\key.c                           0x00000000   Number         0  key.o ABSOLUTE
    ..\MyLib\led.c                           0x00000000   Number         0  led.o ABSOLUTE
    ..\MyLib\my_usart.c                      0x00000000   Number         0  my_usart.o ABSOLUTE
    ..\STM32F10x_FWLib\src\misc.c            0x00000000   Number         0  misc.o ABSOLUTE
    ..\STM32F10x_FWLib\src\stm32f10x_adc.c   0x00000000   Number         0  stm32f10x_adc.o ABSOLUTE
    ..\STM32F10x_FWLib\src\stm32f10x_bkp.c   0x00000000   Number         0  stm32f10x_bkp.o ABSOLUTE
    ..\STM32F10x_FWLib\src\stm32f10x_can.c   0x00000000   Number         0  stm32f10x_can.o ABSOLUTE
    ..\STM32F10x_FWLib\src\stm32f10x_cec.c   0x00000000   Number         0  stm32f10x_cec.o ABSOLUTE
    ..\STM32F10x_FWLib\src\stm32f10x_crc.c   0x00000000   Number         0  stm32f10x_crc.o ABSOLUTE
    ..\STM32F10x_FWLib\src\stm32f10x_dac.c   0x00000000   Number         0  stm32f10x_dac.o ABSOLUTE
    ..\STM32F10x_FWLib\src\stm32f10x_dbgmcu.c 0x00000000   Number         0  stm32f10x_dbgmcu.o ABSOLUTE
    ..\STM32F10x_FWLib\src\stm32f10x_dma.c   0x00000000   Number         0  stm32f10x_dma.o ABSOLUTE
    ..\STM32F10x_FWLib\src\stm32f10x_exti.c  0x00000000   Number         0  stm32f10x_exti.o ABSOLUTE
    ..\STM32F10x_FWLib\src\stm32f10x_flash.c 0x00000000   Number         0  stm32f10x_flash.o ABSOLUTE
    ..\STM32F10x_FWLib\src\stm32f10x_fsmc.c  0x00000000   Number         0  stm32f10x_fsmc.o ABSOLUTE
    ..\STM32F10x_FWLib\src\stm32f10x_gpio.c  0x00000000   Number         0  stm32f10x_gpio.o ABSOLUTE
    ..\STM32F10x_FWLib\src\stm32f10x_i2c.c   0x00000000   Number         0  stm32f10x_i2c.o ABSOLUTE
    ..\STM32F10x_FWLib\src\stm32f10x_iwdg.c  0x00000000   Number         0  stm32f10x_iwdg.o ABSOLUTE
    ..\STM32F10x_FWLib\src\stm32f10x_pwr.c   0x00000000   Number         0  stm32f10x_pwr.o ABSOLUTE
    ..\STM32F10x_FWLib\src\stm32f10x_rcc.c   0x00000000   Number         0  stm32f10x_rcc.o ABSOLUTE
    ..\STM32F10x_FWLib\src\stm32f10x_rtc.c   0x00000000   Number         0  stm32f10x_rtc.o ABSOLUTE
    ..\STM32F10x_FWLib\src\stm32f10x_sdio.c  0x00000000   Number         0  stm32f10x_sdio.o ABSOLUTE
    ..\STM32F10x_FWLib\src\stm32f10x_spi.c   0x00000000   Number         0  stm32f10x_spi.o ABSOLUTE
    ..\STM32F10x_FWLib\src\stm32f10x_tim.c   0x00000000   Number         0  stm32f10x_tim.o ABSOLUTE
    ..\STM32F10x_FWLib\src\stm32f10x_usart.c 0x00000000   Number         0  stm32f10x_usart.o ABSOLUTE
    ..\STM32F10x_FWLib\src\stm32f10x_wwdg.c  0x00000000   Number         0  stm32f10x_wwdg.o ABSOLUTE
    ..\SYSTEM\delay\delay.c                  0x00000000   Number         0  delay.o ABSOLUTE
    ..\SYSTEM\sys\sys.c                      0x00000000   Number         0  sys.o ABSOLUTE
    ..\SYSTEM\usart\usart.c                  0x00000000   Number         0  usart.o ABSOLUTE
    ..\\CORE\\core_cm3.c                     0x00000000   Number         0  core_cm3.o ABSOLUTE
    ..\\SYSTEM\\sys\\sys.c                   0x00000000   Number         0  sys.o ABSOLUTE
    cdrcmple.s                               0x00000000   Number         0  cdrcmple.o ABSOLUTE
    dc.s                                     0x00000000   Number         0  dc.o ABSOLUTE
    handlers.s                               0x00000000   Number         0  handlers.o ABSOLUTE
    init.s                                   0x00000000   Number         0  init.o ABSOLUTE
    main.c                                   0x00000000   Number         0  main.o ABSOLUTE
    stm32f10x_it.c                           0x00000000   Number         0  stm32f10x_it.o ABSOLUTE
    system_stm32f10x.c                       0x00000000   Number         0  system_stm32f10x.o ABSOLUTE
    RESET                                    0x08000000   Section      304  startup_stm32f10x_hd.o(RESET)
    .ARM.Collect$$$$00000000                 0x08000130   Section        0  entry.o(.ARM.Collect$$$$00000000)
    .ARM.Collect$$$$00000001                 0x08000130   Section        4  entry2.o(.ARM.Collect$$$$00000001)
    .ARM.Collect$$$$00000004                 0x08000134   Section        4  entry5.o(.ARM.Collect$$$$00000004)
    .ARM.Collect$$$$00000008                 0x08000138   Section        0  entry7b.o(.ARM.Collect$$$$00000008)
    .ARM.Collect$$$$0000000A                 0x08000138   Section        0  entry8b.o(.ARM.Collect$$$$0000000A)
    .ARM.Collect$$$$0000000B                 0x08000138   Section        8  entry9a.o(.ARM.Collect$$$$0000000B)
    .ARM.Collect$$$$0000000D                 0x08000140   Section        0  entry10a.o(.ARM.Collect$$$$0000000D)
    .ARM.Collect$$$$0000000F                 0x08000140   Section        0  entry11a.o(.ARM.Collect$$$$0000000F)
    .ARM.Collect$$$$00002712                 0x08000140   Section        4  entry2.o(.ARM.Collect$$$$00002712)
    __lit__00000000                          0x08000140   Data           4  entry2.o(.ARM.Collect$$$$00002712)
    .text                                    0x08000144   Section        0  main.o(.text)
    .text                                    0x080003ac   Section        0  stm32f10x_it.o(.text)
    .text                                    0x080003c8   Section        0  system_stm32f10x.o(.text)
    SetSysClockTo72                          0x080003c9   Thumb Code   214  system_stm32f10x.o(.text)
    SetSysClock                              0x0800049f   Thumb Code     8  system_stm32f10x.o(.text)
    .text                                    0x080005a8   Section       36  startup_stm32f10x_hd.o(.text)
    .text                                    0x080005cc   Section        0  misc.o(.text)
    .text                                    0x080006a8   Section        0  stm32f10x_adc.o(.text)
    .text                                    0x08000af8   Section        0  stm32f10x_dac.o(.text)
    .text                                    0x08000c84   Section        0  stm32f10x_dma.o(.text)
    .text                                    0x08000ed8   Section        0  stm32f10x_exti.o(.text)
    .text                                    0x08000ff4   Section        0  stm32f10x_gpio.o(.text)
    .text                                    0x08001350   Section        0  stm32f10x_rcc.o(.text)
    .text                                    0x080016f4   Section        0  stm32f10x_tim.o(.text)
    TI4_Config                               0x08001b9b   Thumb Code   130  stm32f10x_tim.o(.text)
    TI3_Config                               0x08001c2f   Thumb Code   122  stm32f10x_tim.o(.text)
    TI2_Config                               0x08001cc3   Thumb Code   130  stm32f10x_tim.o(.text)
    TI1_Config                               0x08001d57   Thumb Code   108  stm32f10x_tim.o(.text)
    .text                                    0x08002510   Section        0  stm32f10x_usart.o(.text)
    .text                                    0x08002918   Section        0  delay.o(.text)
    .text                                    0x080029ec   Section        0  led.o(.text)
    .text                                    0x08002a18   Section        0  tool.o(.text)
    .text                                    0x08002ab4   Section        0  key.o(.text)
    .text                                    0x08002e94   Section        0  my_usart.o(.text)
    .text                                    0x08003054   Section        0  adc.o(.text)
    .text                                    0x08003190   Section        0  dac.o(.text)
    .text                                    0x08003270   Section        0  memcpya.o(.text)
    .text                                    0x08003294   Section        0  memseta.o(.text)
    .text                                    0x080032b8   Section        0  strlen.o(.text)
    .text                                    0x080032c6   Section        0  strcmp.o(.text)
    .text                                    0x080032e4   Section        0  __0sscanf.o(.text)
    .text                                    0x0800331c   Section        0  _scanf_str.o(.text)
    .text                                    0x080033fc   Section        0  atoi.o(.text)
    .text                                    0x08003416   Section        0  fmul.o(.text)
    .text                                    0x0800347a   Section        0  fdiv.o(.text)
    .text                                    0x080034f6   Section        0  dmul.o(.text)
    .text                                    0x080035da   Section        0  ddiv.o(.text)
    .text                                    0x080036b8   Section        0  ffltui.o(.text)
    .text                                    0x080036c2   Section        0  dflti.o(.text)
    .text                                    0x080036e4   Section        0  ffixui.o(.text)
    .text                                    0x0800370c   Section        0  dfixui.o(.text)
    .text                                    0x0800373e   Section        0  f2d.o(.text)
    .text                                    0x08003764   Section        0  d2f.o(.text)
    .text                                    0x0800379c   Section        0  uidiv.o(.text)
    .text                                    0x080037c8   Section        0  llushr.o(.text)
    .text                                    0x080037e8   Section        0  scanf_char.o(.text)
    _scanf_char_input                        0x080037e9   Thumb Code    12  scanf_char.o(.text)
    .text                                    0x08003810   Section        0  _sgetc.o(.text)
    .text                                    0x08003850   Section        0  strtol.o(.text)
    .text                                    0x080038c0   Section        0  iusefp.o(.text)
    .text                                    0x080038c0   Section        0  fepilogue.o(.text)
    .text                                    0x0800392e   Section        0  depilogue.o(.text)
    .text                                    0x080039e8   Section       36  init.o(.text)
    .text                                    0x08003a0c   Section        0  llshl.o(.text)
    .text                                    0x08003a2c   Section        0  ctype_o.o(.text)
    .text                                    0x08003a34   Section        0  isspace_o.o(.text)
    .text                                    0x08003a48   Section        0  _scanf.o(.text)
    .text                                    0x08003d74   Section        0  _strtoul.o(.text)
    .text                                    0x08003e12   Section        0  _chval.o(.text)
    i.__0printf$3                            0x08003e30   Section        0  printf3.o(i.__0printf$3)
    i.__aeabi_errno_addr                     0x08003e50   Section        0  errno.o(i.__aeabi_errno_addr)
    i.__scatterload_copy                     0x08003e58   Section       14  handlers.o(i.__scatterload_copy)
    i.__scatterload_null                     0x08003e66   Section        2  handlers.o(i.__scatterload_null)
    i.__scatterload_zeroinit                 0x08003e68   Section       14  handlers.o(i.__scatterload_zeroinit)
    i._printf_core                           0x08003e78   Section        0  printf3.o(i._printf_core)
    _printf_core                             0x08003e79   Thumb Code   436  printf3.o(i._printf_core)
    .constdata                               0x08004030   Section      129  ctype_o.o(.constdata)
    .constdata                               0x080040b4   Section        4  ctype_o.o(.constdata)
    table                                    0x080040b4   Data           4  ctype_o.o(.constdata)
    .data                                    0x20000000   Section       20  main.o(.data)
    .data                                    0x20000014   Section       20  system_stm32f10x.o(.data)
    .data                                    0x20000028   Section       20  stm32f10x_rcc.o(.data)
    APBAHBPrescTable                         0x20000028   Data          16  stm32f10x_rcc.o(.data)
    ADCPrescTable                            0x20000038   Data           4  stm32f10x_rcc.o(.data)
    .data                                    0x2000003c   Section        4  delay.o(.data)
    fac_us                                   0x2000003c   Data           1  delay.o(.data)
    fac_ms                                   0x2000003e   Data           2  delay.o(.data)
    .data                                    0x20000040   Section        6  usart.o(.data)
    .data                                    0x20000048   Section       11  key.o(.data)
    key_up                                   0x20000052   Data           1  key.o(.data)
    .data                                    0x20000054   Section        2  my_usart.o(.data)
    .data                                    0x20000056   Section        2  adc.o(.data)
    .data                                    0x20000058   Section        4  errno.o(.data)
    _errno                                   0x20000058   Data           4  errno.o(.data)
    .bss                                     0x2000005c   Section      200  my_usart.o(.bss)
    STACK                                    0x20000128   Section     1024  startup_stm32f10x_hd.o(STACK)

    Global Symbols

    Symbol Name                              Value     Ov Type        Size  Object(Section)

    BuildAttributes$$THM_ISAv4$P$D$K$B$S$PE$A:L22UL41UL21$X:L11$S22US41US21$IEEE1$IW$USESV6$~STKCKD$USESV7$~SHL$OTIME$ROPI$EBA8$MICROLIB$REQ8$PRES8$EABIv2 0x00000000   Number         0  anon$$obj.o ABSOLUTE
    __ARM_use_no_argv                        0x00000000   Number         0  main.o ABSOLUTE
    _printf_a                                0x00000000   Number         0  stubs.o ABSOLUTE
    _printf_c                                0x00000000   Number         0  stubs.o ABSOLUTE
    _printf_charcount                        0x00000000   Number         0  stubs.o ABSOLUTE
    _printf_d                                0x00000000   Number         0  stubs.o ABSOLUTE
    _printf_e                                0x00000000   Number         0  stubs.o ABSOLUTE
    _printf_f                                0x00000000   Number         0  stubs.o ABSOLUTE
    _printf_flags                            0x00000000   Number         0  stubs.o ABSOLUTE
    _printf_fp_dec                           0x00000000   Number         0  stubs.o ABSOLUTE
    _printf_fp_hex                           0x00000000   Number         0  stubs.o ABSOLUTE
    _printf_g                                0x00000000   Number         0  stubs.o ABSOLUTE
    _printf_i                                0x00000000   Number         0  stubs.o ABSOLUTE
    _printf_int_dec                          0x00000000   Number         0  stubs.o ABSOLUTE
    _printf_l                                0x00000000   Number         0  stubs.o ABSOLUTE
    _printf_lc                               0x00000000   Number         0  stubs.o ABSOLUTE
    _printf_ll                               0x00000000   Number         0  stubs.o ABSOLUTE
    _printf_lld                              0x00000000   Number         0  stubs.o ABSOLUTE
    _printf_lli                              0x00000000   Number         0  stubs.o ABSOLUTE
    _printf_llo                              0x00000000   Number         0  stubs.o ABSOLUTE
    _printf_llu                              0x00000000   Number         0  stubs.o ABSOLUTE
    _printf_llx                              0x00000000   Number         0  stubs.o ABSOLUTE
    _printf_longlong_dec                     0x00000000   Number         0  stubs.o ABSOLUTE
    _printf_longlong_hex                     0x00000000   Number         0  stubs.o ABSOLUTE
    _printf_longlong_oct                     0x00000000   Number         0  stubs.o ABSOLUTE
    _printf_ls                               0x00000000   Number         0  stubs.o ABSOLUTE
    _printf_mbtowc                           0x00000000   Number         0  stubs.o ABSOLUTE
    _printf_n                                0x00000000   Number         0  stubs.o ABSOLUTE
    _printf_o                                0x00000000   Number         0  stubs.o ABSOLUTE
    _printf_p                                0x00000000   Number         0  stubs.o ABSOLUTE
    _printf_percent                          0x00000000   Number         0  stubs.o ABSOLUTE
    _printf_pre_padding                      0x00000000   Number         0  stubs.o ABSOLUTE
    _printf_return_value                     0x00000000   Number         0  stubs.o ABSOLUTE
    _printf_s                                0x00000000   Number         0  stubs.o ABSOLUTE
    _printf_sizespec                         0x00000000   Number         0  stubs.o ABSOLUTE
    _printf_str                              0x00000000   Number         0  stubs.o ABSOLUTE
    _printf_truncate_signed                  0x00000000   Number         0  stubs.o ABSOLUTE
    _printf_truncate_unsigned                0x00000000   Number         0  stubs.o ABSOLUTE
    _printf_u                                0x00000000   Number         0  stubs.o ABSOLUTE
    _printf_wc                               0x00000000   Number         0  stubs.o ABSOLUTE
    _printf_wctomb                           0x00000000   Number         0  stubs.o ABSOLUTE
    _printf_widthprec                        0x00000000   Number         0  stubs.o ABSOLUTE
    _printf_x                                0x00000000   Number         0  stubs.o ABSOLUTE
    __cpp_initialize__aeabi_                  - Undefined Weak Reference
    __cxa_finalize                            - Undefined Weak Reference
    __decompress                              - Undefined Weak Reference
    _clock_init                               - Undefined Weak Reference
    _microlib_exit                            - Undefined Weak Reference
    _scanf_int                                - Undefined Weak Reference
    _scanf_longlong                           - Undefined Weak Reference
    _scanf_real                               - Undefined Weak Reference
    __Vectors_Size                           0x00000130   Number         0  startup_stm32f10x_hd.o ABSOLUTE
    __Vectors                                0x08000000   Data           4  startup_stm32f10x_hd.o(RESET)
    __Vectors_End                            0x08000130   Data           0  startup_stm32f10x_hd.o(RESET)
    __main                                   0x08000131   Thumb Code     0  entry.o(.ARM.Collect$$$$00000000)
    _main_stk                                0x08000131   Thumb Code     0  entry2.o(.ARM.Collect$$$$00000001)
    _main_scatterload                        0x08000135   Thumb Code     0  entry5.o(.ARM.Collect$$$$00000004)
    __main_after_scatterload                 0x08000139   Thumb Code     0  entry5.o(.ARM.Collect$$$$00000004)
    _main_clock                              0x08000139   Thumb Code     0  entry7b.o(.ARM.Collect$$$$00000008)
    _main_cpp_init                           0x08000139   Thumb Code     0  entry8b.o(.ARM.Collect$$$$0000000A)
    _main_init                               0x08000139   Thumb Code     0  entry9a.o(.ARM.Collect$$$$0000000B)
    __rt_final_cpp                           0x08000141   Thumb Code     0  entry10a.o(.ARM.Collect$$$$0000000D)
    __rt_final_exit                          0x08000141   Thumb Code     0  entry11a.o(.ARM.Collect$$$$0000000F)
    callbackReceive                          0x08000145   Thumb Code   136  main.o(.text)
    main                                     0x080001cd   Thumb Code    56  main.o(.text)
    EXTI15_10_IRQHandler                     0x08000205   Thumb Code    38  main.o(.text)
    TIM3_IRQHandler                          0x0800022b   Thumb Code    52  main.o(.text)
    TIM5_IRQHandler                          0x0800025f   Thumb Code    72  main.o(.text)
    TIM4_IRQHandler                          0x080002a7   Thumb Code   106  main.o(.text)
    NMI_Handler                              0x080003ad   Thumb Code     2  stm32f10x_it.o(.text)
    HardFault_Handler                        0x080003af   Thumb Code     4  stm32f10x_it.o(.text)
    MemManage_Handler                        0x080003b3   Thumb Code     4  stm32f10x_it.o(.text)
    BusFault_Handler                         0x080003b7   Thumb Code     4  stm32f10x_it.o(.text)
    UsageFault_Handler                       0x080003bb   Thumb Code     4  stm32f10x_it.o(.text)
    SVC_Handler                              0x080003bf   Thumb Code     2  stm32f10x_it.o(.text)
    DebugMon_Handler                         0x080003c1   Thumb Code     2  stm32f10x_it.o(.text)
    PendSV_Handler                           0x080003c3   Thumb Code     2  stm32f10x_it.o(.text)
    SysTick_Handler                          0x080003c5   Thumb Code     2  stm32f10x_it.o(.text)
    SystemInit                               0x080004a7   Thumb Code    78  system_stm32f10x.o(.text)
    SystemCoreClockUpdate                    0x080004f5   Thumb Code   142  system_stm32f10x.o(.text)
    Reset_Handler                            0x080005a9   Thumb Code     8  startup_stm32f10x_hd.o(.text)
    ADC1_2_IRQHandler                        0x080005c3   Thumb Code     0  startup_stm32f10x_hd.o(.text)
    ADC3_IRQHandler                          0x080005c3   Thumb Code     0  startup_stm32f10x_hd.o(.text)
    CAN1_RX1_IRQHandler                      0x080005c3   Thumb Code     0  startup_stm32f10x_hd.o(.text)
    CAN1_SCE_IRQHandler                      0x080005c3   Thumb Code     0  startup_stm32f10x_hd.o(.text)
    DMA1_Channel1_IRQHandler                 0x080005c3   Thumb Code     0  startup_stm32f10x_hd.o(.text)
    DMA1_Channel2_IRQHandler                 0x080005c3   Thumb Code     0  startup_stm32f10x_hd.o(.text)
    DMA1_Channel3_IRQHandler                 0x080005c3   Thumb Code     0  startup_stm32f10x_hd.o(.text)
    DMA1_Channel4_IRQHandler                 0x080005c3   Thumb Code     0  startup_stm32f10x_hd.o(.text)
    DMA1_Channel5_IRQHandler                 0x080005c3   Thumb Code     0  startup_stm32f10x_hd.o(.text)
    DMA1_Channel6_IRQHandler                 0x080005c3   Thumb Code     0  startup_stm32f10x_hd.o(.text)
    DMA1_Channel7_IRQHandler                 0x080005c3   Thumb Code     0  startup_stm32f10x_hd.o(.text)
    DMA2_Channel1_IRQHandler                 0x080005c3   Thumb Code     0  startup_stm32f10x_hd.o(.text)
    DMA2_Channel2_IRQHandler                 0x080005c3   Thumb Code     0  startup_stm32f10x_hd.o(.text)
    DMA2_Channel3_IRQHandler                 0x080005c3   Thumb Code     0  startup_stm32f10x_hd.o(.text)
    DMA2_Channel4_5_IRQHandler               0x080005c3   Thumb Code     0  startup_stm32f10x_hd.o(.text)
    EXTI0_IRQHandler                         0x080005c3   Thumb Code     0  startup_stm32f10x_hd.o(.text)
    EXTI1_IRQHandler                         0x080005c3   Thumb Code     0  startup_stm32f10x_hd.o(.text)
    EXTI2_IRQHandler                         0x080005c3   Thumb Code     0  startup_stm32f10x_hd.o(.text)
    EXTI3_IRQHandler                         0x080005c3   Thumb Code     0  startup_stm32f10x_hd.o(.text)
    EXTI4_IRQHandler                         0x080005c3   Thumb Code     0  startup_stm32f10x_hd.o(.text)
    EXTI9_5_IRQHandler                       0x080005c3   Thumb Code     0  startup_stm32f10x_hd.o(.text)
    FLASH_IRQHandler                         0x080005c3   Thumb Code     0  startup_stm32f10x_hd.o(.text)
    FSMC_IRQHandler                          0x080005c3   Thumb Code     0  startup_stm32f10x_hd.o(.text)
    I2C1_ER_IRQHandler                       0x080005c3   Thumb Code     0  startup_stm32f10x_hd.o(.text)
    I2C1_EV_IRQHandler                       0x080005c3   Thumb Code     0  startup_stm32f10x_hd.o(.text)
    I2C2_ER_IRQHandler                       0x080005c3   Thumb Code     0  startup_stm32f10x_hd.o(.text)
    I2C2_EV_IRQHandler                       0x080005c3   Thumb Code     0  startup_stm32f10x_hd.o(.text)
    PVD_IRQHandler                           0x080005c3   Thumb Code     0  startup_stm32f10x_hd.o(.text)
    RCC_IRQHandler                           0x080005c3   Thumb Code     0  startup_stm32f10x_hd.o(.text)
    RTCAlarm_IRQHandler                      0x080005c3   Thumb Code     0  startup_stm32f10x_hd.o(.text)
    RTC_IRQHandler                           0x080005c3   Thumb Code     0  startup_stm32f10x_hd.o(.text)
    SDIO_IRQHandler                          0x080005c3   Thumb Code     0  startup_stm32f10x_hd.o(.text)
    SPI1_IRQHandler                          0x080005c3   Thumb Code     0  startup_stm32f10x_hd.o(.text)
    SPI2_IRQHandler                          0x080005c3   Thumb Code     0  startup_stm32f10x_hd.o(.text)
    SPI3_IRQHandler                          0x080005c3   Thumb Code     0  startup_stm32f10x_hd.o(.text)
    TAMPER_IRQHandler                        0x080005c3   Thumb Code     0  startup_stm32f10x_hd.o(.text)
    TIM1_BRK_IRQHandler                      0x080005c3   Thumb Code     0  startup_stm32f10x_hd.o(.text)
    TIM1_CC_IRQHandler                       0x080005c3   Thumb Code     0  startup_stm32f10x_hd.o(.text)
    TIM1_TRG_COM_IRQHandler                  0x080005c3   Thumb Code     0  startup_stm32f10x_hd.o(.text)
    TIM1_UP_IRQHandler                       0x080005c3   Thumb Code     0  startup_stm32f10x_hd.o(.text)
    TIM2_IRQHandler                          0x080005c3   Thumb Code     0  startup_stm32f10x_hd.o(.text)
    TIM6_IRQHandler                          0x080005c3   Thumb Code     0  startup_stm32f10x_hd.o(.text)
    TIM7_IRQHandler                          0x080005c3   Thumb Code     0  startup_stm32f10x_hd.o(.text)
    TIM8_BRK_IRQHandler                      0x080005c3   Thumb Code     0  startup_stm32f10x_hd.o(.text)
    TIM8_CC_IRQHandler                       0x080005c3   Thumb Code     0  startup_stm32f10x_hd.o(.text)
    TIM8_TRG_COM_IRQHandler                  0x080005c3   Thumb Code     0  startup_stm32f10x_hd.o(.text)
    TIM8_UP_IRQHandler                       0x080005c3   Thumb Code     0  startup_stm32f10x_hd.o(.text)
    UART4_IRQHandler                         0x080005c3   Thumb Code     0  startup_stm32f10x_hd.o(.text)
    UART5_IRQHandler                         0x080005c3   Thumb Code     0  startup_stm32f10x_hd.o(.text)
    USART1_IRQHandler                        0x080005c3   Thumb Code     0  startup_stm32f10x_hd.o(.text)
    USART3_IRQHandler                        0x080005c3   Thumb Code     0  startup_stm32f10x_hd.o(.text)
    USBWakeUp_IRQHandler                     0x080005c3   Thumb Code     0  startup_stm32f10x_hd.o(.text)
    USB_HP_CAN1_TX_IRQHandler                0x080005c3   Thumb Code     0  startup_stm32f10x_hd.o(.text)
    USB_LP_CAN1_RX0_IRQHandler               0x080005c3   Thumb Code     0  startup_stm32f10x_hd.o(.text)
    WWDG_IRQHandler                          0x080005c3   Thumb Code     0  startup_stm32f10x_hd.o(.text)
    NVIC_PriorityGroupConfig                 0x080005cd   Thumb Code    10  misc.o(.text)
    NVIC_Init                                0x080005d7   Thumb Code   100  misc.o(.text)
    NVIC_SetVectorTable                      0x0800063b   Thumb Code    14  misc.o(.text)
    NVIC_SystemLPConfig                      0x08000649   Thumb Code    34  misc.o(.text)
    SysTick_CLKSourceConfig                  0x0800066b   Thumb Code    40  misc.o(.text)
    ADC_DeInit                               0x080006a9   Thumb Code    78  stm32f10x_adc.o(.text)
    ADC_Init                                 0x080006f7   Thumb Code    70  stm32f10x_adc.o(.text)
    ADC_StructInit                           0x0800073d   Thumb Code    18  stm32f10x_adc.o(.text)
    ADC_Cmd                                  0x0800074f   Thumb Code    22  stm32f10x_adc.o(.text)
    ADC_DMACmd                               0x08000765   Thumb Code    22  stm32f10x_adc.o(.text)
    ADC_ITConfig                             0x0800077b   Thumb Code    24  stm32f10x_adc.o(.text)
    ADC_ResetCalibration                     0x08000793   Thumb Code    10  stm32f10x_adc.o(.text)
    ADC_GetResetCalibrationStatus            0x0800079d   Thumb Code    20  stm32f10x_adc.o(.text)
    ADC_StartCalibration                     0x080007b1   Thumb Code    10  stm32f10x_adc.o(.text)
    ADC_GetCalibrationStatus                 0x080007bb   Thumb Code    20  stm32f10x_adc.o(.text)
    ADC_SoftwareStartConvCmd                 0x080007cf   Thumb Code    22  stm32f10x_adc.o(.text)
    ADC_GetSoftwareStartConvStatus           0x080007e5   Thumb Code    20  stm32f10x_adc.o(.text)
    ADC_DiscModeChannelCountConfig           0x080007f9   Thumb Code    24  stm32f10x_adc.o(.text)
    ADC_DiscModeCmd                          0x08000811   Thumb Code    22  stm32f10x_adc.o(.text)
    ADC_RegularChannelConfig                 0x08000827   Thumb Code   184  stm32f10x_adc.o(.text)
    ADC_ExternalTrigConvCmd                  0x080008df   Thumb Code    22  stm32f10x_adc.o(.text)
    ADC_GetConversionValue                   0x080008f5   Thumb Code     8  stm32f10x_adc.o(.text)
    ADC_GetDualModeConversionValue           0x080008fd   Thumb Code     8  stm32f10x_adc.o(.text)
    ADC_AutoInjectedConvCmd                  0x08000905   Thumb Code    22  stm32f10x_adc.o(.text)
    ADC_InjectedDiscModeCmd                  0x0800091b   Thumb Code    22  stm32f10x_adc.o(.text)
    ADC_ExternalTrigInjectedConvConfig       0x08000931   Thumb Code    16  stm32f10x_adc.o(.text)
    ADC_ExternalTrigInjectedConvCmd          0x08000941   Thumb Code    22  stm32f10x_adc.o(.text)
    ADC_SoftwareStartInjectedConvCmd         0x08000957   Thumb Code    22  stm32f10x_adc.o(.text)
    ADC_GetSoftwareStartInjectedConvCmdStatus 0x0800096d   Thumb Code    20  stm32f10x_adc.o(.text)
    ADC_InjectedChannelConfig                0x08000981   Thumb Code   130  stm32f10x_adc.o(.text)
    ADC_InjectedSequencerLengthConfig        0x08000a03   Thumb Code    24  stm32f10x_adc.o(.text)
    ADC_SetInjectedOffset                    0x08000a1b   Thumb Code    20  stm32f10x_adc.o(.text)
    ADC_GetInjectedConversionValue           0x08000a2f   Thumb Code    28  stm32f10x_adc.o(.text)
    ADC_AnalogWatchdogCmd                    0x08000a4b   Thumb Code    16  stm32f10x_adc.o(.text)
    ADC_AnalogWatchdogThresholdsConfig       0x08000a5b   Thumb Code     6  stm32f10x_adc.o(.text)
    ADC_AnalogWatchdogSingleChannelConfig    0x08000a61   Thumb Code    16  stm32f10x_adc.o(.text)
    ADC_TempSensorVrefintCmd                 0x08000a71   Thumb Code    64  stm32f10x_adc.o(.text)
    ADC_GetFlagStatus                        0x08000ab1   Thumb Code    18  stm32f10x_adc.o(.text)
    ADC_ClearFlag                            0x08000ac3   Thumb Code     6  stm32f10x_adc.o(.text)
    ADC_GetITStatus                          0x08000ac9   Thumb Code    36  stm32f10x_adc.o(.text)
    ADC_ClearITPendingBit                    0x08000aed   Thumb Code    10  stm32f10x_adc.o(.text)
    DAC_DeInit                               0x08000af9   Thumb Code    22  stm32f10x_dac.o(.text)
    DAC_Init                                 0x08000b0f   Thumb Code    46  stm32f10x_dac.o(.text)
    DAC_StructInit                           0x08000b3d   Thumb Code    12  stm32f10x_dac.o(.text)
    DAC_Cmd                                  0x08000b49   Thumb Code    34  stm32f10x_dac.o(.text)
    DAC_DMACmd                               0x08000b6b   Thumb Code    38  stm32f10x_dac.o(.text)
    DAC_SoftwareTriggerCmd                   0x08000b91   Thumb Code    48  stm32f10x_dac.o(.text)
    DAC_DualSoftwareTriggerCmd               0x08000bc1   Thumb Code    38  stm32f10x_dac.o(.text)
    DAC_WaveGenerationCmd                    0x08000be7   Thumb Code    36  stm32f10x_dac.o(.text)
    DAC_SetChannel1Data                      0x08000c0b   Thumb Code    26  stm32f10x_dac.o(.text)
    DAC_SetChannel2Data                      0x08000c25   Thumb Code    26  stm32f10x_dac.o(.text)
    DAC_SetDualChannelData                   0x08000c3f   Thumb Code    32  stm32f10x_dac.o(.text)
    DAC_GetDataOutputValue                   0x08000c5f   Thumb Code    32  stm32f10x_dac.o(.text)
    DMA_DeInit                               0x08000c85   Thumb Code   324  stm32f10x_dma.o(.text)
    DMA_Init                                 0x08000dc9   Thumb Code    60  stm32f10x_dma.o(.text)
    DMA_StructInit                           0x08000e05   Thumb Code    26  stm32f10x_dma.o(.text)
    DMA_Cmd                                  0x08000e1f   Thumb Code    24  stm32f10x_dma.o(.text)
    DMA_ITConfig                             0x08000e37   Thumb Code    18  stm32f10x_dma.o(.text)
    DMA_SetCurrDataCounter                   0x08000e49   Thumb Code     4  stm32f10x_dma.o(.text)
    DMA_GetCurrDataCounter                   0x08000e4d   Thumb Code     8  stm32f10x_dma.o(.text)
    DMA_GetFlagStatus                        0x08000e55   Thumb Code    40  stm32f10x_dma.o(.text)
    DMA_ClearFlag                            0x08000e7d   Thumb Code    22  stm32f10x_dma.o(.text)
    DMA_GetITStatus                          0x08000e93   Thumb Code    40  stm32f10x_dma.o(.text)
    DMA_ClearITPendingBit                    0x08000ebb   Thumb Code    22  stm32f10x_dma.o(.text)
    EXTI_DeInit                              0x08000ed9   Thumb Code    28  stm32f10x_exti.o(.text)
    EXTI_Init                                0x08000ef5   Thumb Code   142  stm32f10x_exti.o(.text)
    EXTI_StructInit                          0x08000f83   Thumb Code    16  stm32f10x_exti.o(.text)
    EXTI_GenerateSWInterrupt                 0x08000f93   Thumb Code    16  stm32f10x_exti.o(.text)
    EXTI_GetFlagStatus                       0x08000fa3   Thumb Code    22  stm32f10x_exti.o(.text)
    EXTI_ClearFlag                           0x08000fb9   Thumb Code     8  stm32f10x_exti.o(.text)
    EXTI_GetITStatus                         0x08000fc1   Thumb Code    34  stm32f10x_exti.o(.text)
    EXTI_ClearITPendingBit                   0x08000fe3   Thumb Code     8  stm32f10x_exti.o(.text)
    GPIO_DeInit                              0x08000ff5   Thumb Code   172  stm32f10x_gpio.o(.text)
    GPIO_AFIODeInit                          0x080010a1   Thumb Code    20  stm32f10x_gpio.o(.text)
    GPIO_Init                                0x080010b5   Thumb Code   278  stm32f10x_gpio.o(.text)
    GPIO_StructInit                          0x080011cb   Thumb Code    16  stm32f10x_gpio.o(.text)
    GPIO_ReadInputDataBit                    0x080011db   Thumb Code    18  stm32f10x_gpio.o(.text)
    GPIO_ReadInputData                       0x080011ed   Thumb Code     8  stm32f10x_gpio.o(.text)
    GPIO_ReadOutputDataBit                   0x080011f5   Thumb Code    18  stm32f10x_gpio.o(.text)
    GPIO_ReadOutputData                      0x08001207   Thumb Code     8  stm32f10x_gpio.o(.text)
    GPIO_SetBits                             0x0800120f   Thumb Code     4  stm32f10x_gpio.o(.text)
    GPIO_ResetBits                           0x08001213   Thumb Code     4  stm32f10x_gpio.o(.text)
    GPIO_WriteBit                            0x08001217   Thumb Code    10  stm32f10x_gpio.o(.text)
    GPIO_Write                               0x08001221   Thumb Code     4  stm32f10x_gpio.o(.text)
    GPIO_PinLockConfig                       0x08001225   Thumb Code    18  stm32f10x_gpio.o(.text)
    GPIO_EventOutputConfig                   0x08001237   Thumb Code    26  stm32f10x_gpio.o(.text)
    GPIO_EventOutputCmd                      0x08001251   Thumb Code     6  stm32f10x_gpio.o(.text)
    GPIO_PinRemapConfig                      0x08001257   Thumb Code   138  stm32f10x_gpio.o(.text)
    GPIO_EXTILineConfig                      0x080012e1   Thumb Code    66  stm32f10x_gpio.o(.text)
    GPIO_ETH_MediaInterfaceConfig            0x08001323   Thumb Code     8  stm32f10x_gpio.o(.text)
    RCC_DeInit                               0x08001351   Thumb Code    64  stm32f10x_rcc.o(.text)
    RCC_HSEConfig                            0x08001391   Thumb Code    70  stm32f10x_rcc.o(.text)
    RCC_GetFlagStatus                        0x080013d7   Thumb Code    56  stm32f10x_rcc.o(.text)
    RCC_WaitForHSEStartUp                    0x0800140f   Thumb Code    56  stm32f10x_rcc.o(.text)
    RCC_AdjustHSICalibrationValue            0x08001447   Thumb Code    20  stm32f10x_rcc.o(.text)
    RCC_HSICmd                               0x0800145b   Thumb Code     6  stm32f10x_rcc.o(.text)
    RCC_PLLConfig                            0x08001461   Thumb Code    24  stm32f10x_rcc.o(.text)
    RCC_PLLCmd                               0x08001479   Thumb Code     6  stm32f10x_rcc.o(.text)
    RCC_SYSCLKConfig                         0x0800147f   Thumb Code    18  stm32f10x_rcc.o(.text)
    RCC_GetSYSCLKSource                      0x08001491   Thumb Code    10  stm32f10x_rcc.o(.text)
    RCC_HCLKConfig                           0x0800149b   Thumb Code    18  stm32f10x_rcc.o(.text)
    RCC_PCLK1Config                          0x080014ad   Thumb Code    18  stm32f10x_rcc.o(.text)
    RCC_PCLK2Config                          0x080014bf   Thumb Code    20  stm32f10x_rcc.o(.text)
    RCC_ITConfig                             0x080014d3   Thumb Code    26  stm32f10x_rcc.o(.text)
    RCC_USBCLKConfig                         0x080014ed   Thumb Code     8  stm32f10x_rcc.o(.text)
    RCC_ADCCLKConfig                         0x080014f5   Thumb Code    18  stm32f10x_rcc.o(.text)
    RCC_LSEConfig                            0x08001507   Thumb Code    50  stm32f10x_rcc.o(.text)
    RCC_LSICmd                               0x08001539   Thumb Code     6  stm32f10x_rcc.o(.text)
    RCC_RTCCLKConfig                         0x0800153f   Thumb Code    12  stm32f10x_rcc.o(.text)
    RCC_RTCCLKCmd                            0x0800154b   Thumb Code     8  stm32f10x_rcc.o(.text)
    RCC_GetClocksFreq                        0x08001553   Thumb Code   192  stm32f10x_rcc.o(.text)
    RCC_AHBPeriphClockCmd                    0x08001613   Thumb Code    26  stm32f10x_rcc.o(.text)
    RCC_APB2PeriphClockCmd                   0x0800162d   Thumb Code    26  stm32f10x_rcc.o(.text)
    RCC_APB1PeriphClockCmd                   0x08001647   Thumb Code    26  stm32f10x_rcc.o(.text)
    RCC_APB2PeriphResetCmd                   0x08001661   Thumb Code    26  stm32f10x_rcc.o(.text)
    RCC_APB1PeriphResetCmd                   0x0800167b   Thumb Code    26  stm32f10x_rcc.o(.text)
    RCC_BackupResetCmd                       0x08001695   Thumb Code     8  stm32f10x_rcc.o(.text)
    RCC_ClockSecuritySystemCmd               0x0800169d   Thumb Code     6  stm32f10x_rcc.o(.text)
    RCC_MCOConfig                            0x080016a3   Thumb Code     6  stm32f10x_rcc.o(.text)
    RCC_ClearFlag                            0x080016a9   Thumb Code    14  stm32f10x_rcc.o(.text)
    RCC_GetITStatus                          0x080016b7   Thumb Code    20  stm32f10x_rcc.o(.text)
    RCC_ClearITPendingBit                    0x080016cb   Thumb Code     6  stm32f10x_rcc.o(.text)
    TIM_DeInit                               0x080016f5   Thumb Code   424  stm32f10x_tim.o(.text)
    TIM_TimeBaseInit                         0x0800189d   Thumb Code   122  stm32f10x_tim.o(.text)
    TIM_OC1Init                              0x08001917   Thumb Code   132  stm32f10x_tim.o(.text)
    TIM_OC2Init                              0x0800199b   Thumb Code   154  stm32f10x_tim.o(.text)
    TIM_OC3Init                              0x08001a35   Thumb Code   150  stm32f10x_tim.o(.text)
    TIM_OC4Init                              0x08001acb   Thumb Code   182  stm32f10x_tim.o(.text)
    TIM_SetIC4Prescaler                      0x08001b81   Thumb Code    26  stm32f10x_tim.o(.text)
    TIM_SetIC3Prescaler                      0x08001c1d   Thumb Code    18  stm32f10x_tim.o(.text)
    TIM_SetIC2Prescaler                      0x08001ca9   Thumb Code    26  stm32f10x_tim.o(.text)
    TIM_SetIC1Prescaler                      0x08001d45   Thumb Code    18  stm32f10x_tim.o(.text)
    TIM_ICInit                               0x08001dc3   Thumb Code   150  stm32f10x_tim.o(.text)
    TIM_PWMIConfig                           0x08001e59   Thumb Code   124  stm32f10x_tim.o(.text)
    TIM_BDTRConfig                           0x08001ed5   Thumb Code    32  stm32f10x_tim.o(.text)
    TIM_TimeBaseStructInit                   0x08001ef5   Thumb Code    18  stm32f10x_tim.o(.text)
    TIM_OCStructInit                         0x08001f07   Thumb Code    20  stm32f10x_tim.o(.text)
    TIM_ICStructInit                         0x08001f1b   Thumb Code    18  stm32f10x_tim.o(.text)
    TIM_BDTRStructInit                       0x08001f2d   Thumb Code    40  stm32f10x_tim.o(.text)
    TIM_Cmd                                  0x08001f55   Thumb Code    24  stm32f10x_tim.o(.text)
    TIM_CtrlPWMOutputs                       0x08001f6d   Thumb Code    30  stm32f10x_tim.o(.text)
    TIM_ITConfig                             0x08001f8b   Thumb Code    18  stm32f10x_tim.o(.text)
    TIM_GenerateEvent                        0x08001f9d   Thumb Code     4  stm32f10x_tim.o(.text)
    TIM_DMAConfig                            0x08001fa1   Thumb Code    10  stm32f10x_tim.o(.text)
    TIM_DMACmd                               0x08001fab   Thumb Code    18  stm32f10x_tim.o(.text)
    TIM_InternalClockConfig                  0x08001fbd   Thumb Code    12  stm32f10x_tim.o(.text)
    TIM_SelectInputTrigger                   0x08001fc9   Thumb Code    18  stm32f10x_tim.o(.text)
    TIM_ITRxExternalClockConfig              0x08001fdb   Thumb Code    24  stm32f10x_tim.o(.text)
    TIM_TIxExternalClockConfig               0x08001ff3   Thumb Code    62  stm32f10x_tim.o(.text)
    TIM_ETRConfig                            0x08002031   Thumb Code    28  stm32f10x_tim.o(.text)
    TIM_ETRClockMode1Config                  0x0800204d   Thumb Code    54  stm32f10x_tim.o(.text)
    TIM_ETRClockMode2Config                  0x08002083   Thumb Code    32  stm32f10x_tim.o(.text)
    TIM_PrescalerConfig                      0x080020a3   Thumb Code     6  stm32f10x_tim.o(.text)
    TIM_CounterModeConfig                    0x080020a9   Thumb Code    18  stm32f10x_tim.o(.text)
    TIM_EncoderInterfaceConfig               0x080020bb   Thumb Code    66  stm32f10x_tim.o(.text)
    TIM_ForcedOC1Config                      0x080020fd   Thumb Code    18  stm32f10x_tim.o(.text)
    TIM_ForcedOC2Config                      0x0800210f   Thumb Code    26  stm32f10x_tim.o(.text)
    TIM_ForcedOC3Config                      0x08002129   Thumb Code    18  stm32f10x_tim.o(.text)
    TIM_ForcedOC4Config                      0x0800213b   Thumb Code    26  stm32f10x_tim.o(.text)
    TIM_ARRPreloadConfig                     0x08002155   Thumb Code    24  stm32f10x_tim.o(.text)
    TIM_SelectCOM                            0x0800216d   Thumb Code    24  stm32f10x_tim.o(.text)
    TIM_SelectCCDMA                          0x08002185   Thumb Code    24  stm32f10x_tim.o(.text)
    TIM_CCPreloadControl                     0x0800219d   Thumb Code    24  stm32f10x_tim.o(.text)
    TIM_OC1PreloadConfig                     0x080021b5   Thumb Code    18  stm32f10x_tim.o(.text)
    TIM_OC2PreloadConfig                     0x080021c7   Thumb Code    26  stm32f10x_tim.o(.text)
    TIM_OC3PreloadConfig                     0x080021e1   Thumb Code    18  stm32f10x_tim.o(.text)
    TIM_OC4PreloadConfig                     0x080021f3   Thumb Code    26  stm32f10x_tim.o(.text)
    TIM_OC1FastConfig                        0x0800220d   Thumb Code    18  stm32f10x_tim.o(.text)
    TIM_OC2FastConfig                        0x0800221f   Thumb Code    26  stm32f10x_tim.o(.text)
    TIM_OC3FastConfig                        0x08002239   Thumb Code    18  stm32f10x_tim.o(.text)
    TIM_OC4FastConfig                        0x0800224b   Thumb Code    26  stm32f10x_tim.o(.text)
    TIM_ClearOC1Ref                          0x08002265   Thumb Code    18  stm32f10x_tim.o(.text)
    TIM_ClearOC2Ref                          0x08002277   Thumb Code    24  stm32f10x_tim.o(.text)
    TIM_ClearOC3Ref                          0x0800228f   Thumb Code    18  stm32f10x_tim.o(.text)
    TIM_ClearOC4Ref                          0x080022a1   Thumb Code    24  stm32f10x_tim.o(.text)
    TIM_OC1PolarityConfig                    0x080022b9   Thumb Code    18  stm32f10x_tim.o(.text)
    TIM_OC1NPolarityConfig                   0x080022cb   Thumb Code    18  stm32f10x_tim.o(.text)
    TIM_OC2PolarityConfig                    0x080022dd   Thumb Code    26  stm32f10x_tim.o(.text)
    TIM_OC2NPolarityConfig                   0x080022f7   Thumb Code    26  stm32f10x_tim.o(.text)
    TIM_OC3PolarityConfig                    0x08002311   Thumb Code    26  stm32f10x_tim.o(.text)
    TIM_OC3NPolarityConfig                   0x0800232b   Thumb Code    26  stm32f10x_tim.o(.text)
    TIM_OC4PolarityConfig                    0x08002345   Thumb Code    26  stm32f10x_tim.o(.text)
    TIM_CCxCmd                               0x0800235f   Thumb Code    30  stm32f10x_tim.o(.text)
    TIM_CCxNCmd                              0x0800237d   Thumb Code    30  stm32f10x_tim.o(.text)
    TIM_SelectOCxM                           0x0800239b   Thumb Code    82  stm32f10x_tim.o(.text)
    TIM_UpdateDisableConfig                  0x080023ed   Thumb Code    24  stm32f10x_tim.o(.text)
    TIM_UpdateRequestConfig                  0x08002405   Thumb Code    24  stm32f10x_tim.o(.text)
    TIM_SelectHallSensor                     0x0800241d   Thumb Code    24  stm32f10x_tim.o(.text)
    TIM_SelectOnePulseMode                   0x08002435   Thumb Code    18  stm32f10x_tim.o(.text)
    TIM_SelectOutputTrigger                  0x08002447   Thumb Code    18  stm32f10x_tim.o(.text)
    TIM_SelectSlaveMode                      0x08002459   Thumb Code    18  stm32f10x_tim.o(.text)
    TIM_SelectMasterSlaveMode                0x0800246b   Thumb Code    18  stm32f10x_tim.o(.text)
    TIM_SetCounter                           0x0800247d   Thumb Code     4  stm32f10x_tim.o(.text)
    TIM_SetAutoreload                        0x08002481   Thumb Code     4  stm32f10x_tim.o(.text)
    TIM_SetCompare1                          0x08002485   Thumb Code     4  stm32f10x_tim.o(.text)
    TIM_SetCompare2                          0x08002489   Thumb Code     4  stm32f10x_tim.o(.text)
    TIM_SetCompare3                          0x0800248d   Thumb Code     4  stm32f10x_tim.o(.text)
    TIM_SetCompare4                          0x08002491   Thumb Code     6  stm32f10x_tim.o(.text)
    TIM_SetClockDivision                     0x08002497   Thumb Code    18  stm32f10x_tim.o(.text)
    TIM_GetCapture1                          0x080024a9   Thumb Code     6  stm32f10x_tim.o(.text)
    TIM_GetCapture2                          0x080024af   Thumb Code     6  stm32f10x_tim.o(.text)
    TIM_GetCapture3                          0x080024b5   Thumb Code     6  stm32f10x_tim.o(.text)
    TIM_GetCapture4                          0x080024bb   Thumb Code     8  stm32f10x_tim.o(.text)
    TIM_GetCounter                           0x080024c3   Thumb Code     6  stm32f10x_tim.o(.text)
    TIM_GetPrescaler                         0x080024c9   Thumb Code     6  stm32f10x_tim.o(.text)
    TIM_GetFlagStatus                        0x080024cf   Thumb Code    18  stm32f10x_tim.o(.text)
    TIM_ClearFlag                            0x080024e1   Thumb Code     6  stm32f10x_tim.o(.text)
    TIM_GetITStatus                          0x080024e7   Thumb Code    34  stm32f10x_tim.o(.text)
    TIM_ClearITPendingBit                    0x08002509   Thumb Code     6  stm32f10x_tim.o(.text)
    USART_DeInit                             0x08002511   Thumb Code   134  stm32f10x_usart.o(.text)
    USART_Init                               0x08002597   Thumb Code   210  stm32f10x_usart.o(.text)
    USART_StructInit                         0x08002669   Thumb Code    24  stm32f10x_usart.o(.text)
    USART_ClockInit                          0x08002681   Thumb Code    34  stm32f10x_usart.o(.text)
    USART_ClockStructInit                    0x080026a3   Thumb Code    12  stm32f10x_usart.o(.text)
    USART_Cmd                                0x080026af   Thumb Code    24  stm32f10x_usart.o(.text)
    USART_ITConfig                           0x080026c7   Thumb Code    74  stm32f10x_usart.o(.text)
    USART_DMACmd                             0x08002711   Thumb Code    18  stm32f10x_usart.o(.text)
    USART_SetAddress                         0x08002723   Thumb Code    18  stm32f10x_usart.o(.text)
    USART_WakeUpConfig                       0x08002735   Thumb Code    18  stm32f10x_usart.o(.text)
    USART_ReceiverWakeUpCmd                  0x08002747   Thumb Code    24  stm32f10x_usart.o(.text)
    USART_LINBreakDetectLengthConfig         0x0800275f   Thumb Code    18  stm32f10x_usart.o(.text)
    USART_LINCmd                             0x08002771   Thumb Code    24  stm32f10x_usart.o(.text)
    USART_SendData                           0x08002789   Thumb Code     8  stm32f10x_usart.o(.text)
    USART_ReceiveData                        0x08002791   Thumb Code    10  stm32f10x_usart.o(.text)
    USART_SendBreak                          0x0800279b   Thumb Code    10  stm32f10x_usart.o(.text)
    USART_SetGuardTime                       0x080027a5   Thumb Code    16  stm32f10x_usart.o(.text)
    USART_SetPrescaler                       0x080027b5   Thumb Code    16  stm32f10x_usart.o(.text)
    USART_SmartCardCmd                       0x080027c5   Thumb Code    24  stm32f10x_usart.o(.text)
    USART_SmartCardNACKCmd                   0x080027dd   Thumb Code    24  stm32f10x_usart.o(.text)
    USART_HalfDuplexCmd                      0x080027f5   Thumb Code    24  stm32f10x_usart.o(.text)
    USART_OverSampling8Cmd                   0x0800280d   Thumb Code    22  stm32f10x_usart.o(.text)
    USART_OneBitMethodCmd                    0x08002823   Thumb Code    24  stm32f10x_usart.o(.text)
    USART_IrDAConfig                         0x0800283b   Thumb Code    18  stm32f10x_usart.o(.text)
    USART_IrDACmd                            0x0800284d   Thumb Code    24  stm32f10x_usart.o(.text)
    USART_GetFlagStatus                      0x08002865   Thumb Code    26  stm32f10x_usart.o(.text)
    USART_ClearFlag                          0x0800287f   Thumb Code    18  stm32f10x_usart.o(.text)
    USART_GetITStatus                        0x08002891   Thumb Code    84  stm32f10x_usart.o(.text)
    USART_ClearITPendingBit                  0x080028e5   Thumb Code    52  stm32f10x_usart.o(.text)
    delay_init                               0x08002919   Thumb Code    50  delay.o(.text)
    delay_us                                 0x0800294b   Thumb Code    72  delay.o(.text)
    delay_ms                                 0x08002993   Thumb Code    72  delay.o(.text)
    LED_Init                                 0x080029ed   Thumb Code    40  led.o(.text)
    match                                    0x08002a19   Thumb Code    36  tool.o(.text)
    clear                                    0x08002a3d   Thumb Code    16  tool.o(.text)
    deal                                     0x08002a4d   Thumb Code   102  tool.o(.text)
    Key_Init                                 0x08002ab5   Thumb Code    40  key.o(.text)
    KEY_Scan                                 0x08002add   Thumb Code   294  key.o(.text)
    KEY_LCD                                  0x08002c03   Thumb Code   604  key.o(.text)
    USARTX_Init                              0x08002e95   Thumb Code   168  my_usart.o(.text)
    fputc                                    0x08002f3d   Thumb Code    32  my_usart.o(.text)
    USART2_IRQHandler                        0x08002f5d   Thumb Code   122  my_usart.o(.text)
    receiveMatch                             0x08002fd7   Thumb Code    32  my_usart.o(.text)
    afterDeal                                0x08002ff7   Thumb Code    66  my_usart.o(.text)
    Adc_Init                                 0x08003055   Thumb Code    42  adc.o(.text)
    ADC1_Mode_Config                         0x0800307f   Thumb Code   210  adc.o(.text)
    ADC1_Init                                0x08003151   Thumb Code    12  adc.o(.text)
    Get_Adc_Average                          0x0800315d   Thumb Code    36  adc.o(.text)
    DAC_InitAll                              0x08003191   Thumb Code   118  dac.o(.text)
    DAC1_F_Control                           0x08003207   Thumb Code    80  dac.o(.text)
    DAC2_V_Control                           0x08003257   Thumb Code    14  dac.o(.text)
    __aeabi_memcpy                           0x08003271   Thumb Code    36  memcpya.o(.text)
    __aeabi_memcpy4                          0x08003271   Thumb Code     0  memcpya.o(.text)
    __aeabi_memcpy8                          0x08003271   Thumb Code     0  memcpya.o(.text)
    __aeabi_memset                           0x08003295   Thumb Code    14  memseta.o(.text)
    __aeabi_memset4                          0x08003295   Thumb Code     0  memseta.o(.text)
    __aeabi_memset8                          0x08003295   Thumb Code     0  memseta.o(.text)
    __aeabi_memclr                           0x080032a3   Thumb Code     4  memseta.o(.text)
    __aeabi_memclr4                          0x080032a3   Thumb Code     0  memseta.o(.text)
    __aeabi_memclr8                          0x080032a3   Thumb Code     0  memseta.o(.text)
    _memset$wrapper                          0x080032a7   Thumb Code    18  memseta.o(.text)
    strlen                                   0x080032b9   Thumb Code    14  strlen.o(.text)
    strcmp                                   0x080032c7   Thumb Code    28  strcmp.o(.text)
    __0sscanf                                0x080032e5   Thumb Code    48  __0sscanf.o(.text)
    _scanf_string                            0x0800331d   Thumb Code   224  _scanf_str.o(.text)
    atoi                                     0x080033fd   Thumb Code    26  atoi.o(.text)
    __aeabi_fmul                             0x08003417   Thumb Code   100  fmul.o(.text)
    __aeabi_fdiv                             0x0800347b   Thumb Code   124  fdiv.o(.text)
    __aeabi_dmul                             0x080034f7   Thumb Code   228  dmul.o(.text)
    __aeabi_ddiv                             0x080035db   Thumb Code   222  ddiv.o(.text)
    __aeabi_ui2f                             0x080036b9   Thumb Code    10  ffltui.o(.text)
    __aeabi_i2d                              0x080036c3   Thumb Code    34  dflti.o(.text)
    __aeabi_f2uiz                            0x080036e5   Thumb Code    40  ffixui.o(.text)
    __aeabi_d2uiz                            0x0800370d   Thumb Code    50  dfixui.o(.text)
    __aeabi_f2d                              0x0800373f   Thumb Code    38  f2d.o(.text)
    __aeabi_d2f                              0x08003765   Thumb Code    56  d2f.o(.text)
    __aeabi_uidiv                            0x0800379d   Thumb Code     0  uidiv.o(.text)
    __aeabi_uidivmod                         0x0800379d   Thumb Code    44  uidiv.o(.text)
    __aeabi_llsr                             0x080037c9   Thumb Code    32  llushr.o(.text)
    _ll_ushift_r                             0x080037c9   Thumb Code     0  llushr.o(.text)
    __vfscanf_char                           0x080037f5   Thumb Code    20  scanf_char.o(.text)
    _sgetc                                   0x08003811   Thumb Code    30  _sgetc.o(.text)
    _sbackspace                              0x0800382f   Thumb Code    34  _sgetc.o(.text)
    strtol                                   0x08003851   Thumb Code   112  strtol.o(.text)
    __I$use$fp                               0x080038c1   Thumb Code     0  iusefp.o(.text)
    _float_round                             0x080038c1   Thumb Code    18  fepilogue.o(.text)
    _float_epilogue                          0x080038d3   Thumb Code    92  fepilogue.o(.text)
    _double_round                            0x0800392f   Thumb Code    30  depilogue.o(.text)
    _double_epilogue                         0x0800394d   Thumb Code   156  depilogue.o(.text)
    __scatterload                            0x080039e9   Thumb Code    28  init.o(.text)
    __scatterload_rt2                        0x080039e9   Thumb Code     0  init.o(.text)
    __aeabi_llsl                             0x08003a0d   Thumb Code    30  llshl.o(.text)
    _ll_shift_l                              0x08003a0d   Thumb Code     0  llshl.o(.text)
    __rt_ctype_table                         0x08003a2d   Thumb Code     4  ctype_o.o(.text)
    isspace                                  0x08003a35   Thumb Code    18  isspace_o.o(.text)
    __vfscanf                                0x08003a49   Thumb Code   808  _scanf.o(.text)
    _strtoul                                 0x08003d75   Thumb Code   158  _strtoul.o(.text)
    _chval                                   0x08003e13   Thumb Code    28  _chval.o(.text)
    __0printf$3                              0x08003e31   Thumb Code    22  printf3.o(i.__0printf$3)
    __1printf$3                              0x08003e31   Thumb Code     0  printf3.o(i.__0printf$3)
    __2printf                                0x08003e31   Thumb Code     0  printf3.o(i.__0printf$3)
    __aeabi_errno_addr                       0x08003e51   Thumb Code     4  errno.o(i.__aeabi_errno_addr)
    __rt_errno_addr                          0x08003e51   Thumb Code     0  errno.o(i.__aeabi_errno_addr)
    __scatterload_copy                       0x08003e59   Thumb Code    14  handlers.o(i.__scatterload_copy)
    __scatterload_null                       0x08003e67   Thumb Code     2  handlers.o(i.__scatterload_null)
    __scatterload_zeroinit                   0x08003e69   Thumb Code    14  handlers.o(i.__scatterload_zeroinit)
    __ctype_table                            0x08004030   Data         129  ctype_o.o(.constdata)
    Region$$Table$$Base                      0x080040b8   Number         0  anon$$obj.o(Region$$Table)
    Region$$Table$$Limit                     0x080040d8   Number         0  anon$$obj.o(Region$$Table)
    times                                    0x20000000   Data           4  main.o(.data)
    TIM3_Count                               0x20000004   Data           1  main.o(.data)
    tt                                       0x20000006   Data           2  main.o(.data)
    temp                                     0x20000008   Data           4  main.o(.data)
    frequceny                                0x2000000c   Data           4  main.o(.data)
    adc_value                                0x20000010   Data           4  main.o(.data)
    SystemCoreClock                          0x20000014   Data           4  system_stm32f10x.o(.data)
    AHBPrescTable                            0x20000018   Data          16  system_stm32f10x.o(.data)
    __stdout                                 0x20000040   Data           4  usart.o(.data)
    USART_RX_STA                             0x20000044   Data           2  usart.o(.data)
    a                                        0x20000048   Data           1  key.o(.data)
    b                                        0x20000049   Data           1  key.o(.data)
    c                                        0x2000004c   Data           4  key.o(.data)
    d                                        0x20000050   Data           1  key.o(.data)
    f                                        0x20000051   Data           1  key.o(.data)
    USARTX_RX_STA                            0x20000054   Data           2  my_usart.o(.data)
    ADC_ConvertedValue                       0x20000056   Data           2  adc.o(.data)
    USARTX_RX_BUF                            0x2000005c   Data         200  my_usart.o(.bss)
    __initial_sp                             0x20000528   Data           0  startup_stm32f10x_hd.o(STACK)



==============================================================================

Memory Map of the image

  Image Entry point : 0x08000131

  Load Region LR_IROM1 (Base: 0x08000000, Size: 0x00004134, Max: 0x00040000, ABSOLUTE)

    Execution Region ER_IROM1 (Base: 0x08000000, Size: 0x000040d8, Max: 0x00040000, ABSOLUTE)

    Base Addr    Size         Type   Attr      Idx    E Section Name        Object

    0x08000000   0x00000130   Data   RO          236    RESET               startup_stm32f10x_hd.o
    0x08000130   0x00000000   Code   RO          695  * .ARM.Collect$$$$00000000  mc_w.l(entry.o)
    0x08000130   0x00000004   Code   RO          995    .ARM.Collect$$$$00000001  mc_w.l(entry2.o)
    0x08000134   0x00000004   Code   RO          998    .ARM.Collect$$$$00000004  mc_w.l(entry5.o)
    0x08000138   0x00000000   Code   RO         1000    .ARM.Collect$$$$00000008  mc_w.l(entry7b.o)
    0x08000138   0x00000000   Code   RO         1002    .ARM.Collect$$$$0000000A  mc_w.l(entry8b.o)
    0x08000138   0x00000008   Code   RO         1003    .ARM.Collect$$$$0000000B  mc_w.l(entry9a.o)
    0x08000140   0x00000000   Code   RO         1005    .ARM.Collect$$$$0000000D  mc_w.l(entry10a.o)
    0x08000140   0x00000000   Code   RO         1007    .ARM.Collect$$$$0000000F  mc_w.l(entry11a.o)
    0x08000140   0x00000004   Code   RO          996    .ARM.Collect$$$$00002712  mc_w.l(entry2.o)
    0x08000144   0x00000268   Code   RO            1    .text               main.o
    0x080003ac   0x0000001a   Code   RO          164    .text               stm32f10x_it.o
    0x080003c6   0x00000002   PAD
    0x080003c8   0x000001e0   Code   RO          205    .text               system_stm32f10x.o
    0x080005a8   0x00000024   Code   RO          237    .text               startup_stm32f10x_hd.o
    0x080005cc   0x000000dc   Code   RO          241    .text               misc.o
    0x080006a8   0x0000044e   Code   RO          253    .text               stm32f10x_adc.o
    0x08000af6   0x00000002   PAD
    0x08000af8   0x0000018c   Code   RO          313    .text               stm32f10x_dac.o
    0x08000c84   0x00000254   Code   RO          337    .text               stm32f10x_dma.o
    0x08000ed8   0x0000011c   Code   RO          349    .text               stm32f10x_exti.o
    0x08000ff4   0x0000035c   Code   RO          385    .text               stm32f10x_gpio.o
    0x08001350   0x000003a4   Code   RO          433    .text               stm32f10x_rcc.o
    0x080016f4   0x00000e1a   Code   RO          483    .text               stm32f10x_tim.o
    0x0800250e   0x00000002   PAD
    0x08002510   0x00000408   Code   RO          495    .text               stm32f10x_usart.o
    0x08002918   0x000000d4   Code   RO          519    .text               delay.o
    0x080029ec   0x0000002c   Code   RO          572    .text               led.o
    0x08002a18   0x0000009a   Code   RO          584    .text               tool.o
    0x08002ab2   0x00000002   PAD
    0x08002ab4   0x000003e0   Code   RO          630    .text               key.o
    0x08002e94   0x000001c0   Code   RO          648    .text               my_usart.o
    0x08003054   0x0000013c   Code   RO          668    .text               adc.o
    0x08003190   0x000000e0   Code   RO          683    .text               dac.o
    0x08003270   0x00000024   Code   RO          698    .text               mc_w.l(memcpya.o)
    0x08003294   0x00000024   Code   RO          700    .text               mc_w.l(memseta.o)
    0x080032b8   0x0000000e   Code   RO          702    .text               mc_w.l(strlen.o)
    0x080032c6   0x0000001c   Code   RO          704    .text               mc_w.l(strcmp.o)
    0x080032e2   0x00000002   PAD
    0x080032e4   0x00000038   Code   RO          969    .text               mc_w.l(__0sscanf.o)
    0x0800331c   0x000000e0   Code   RO          971    .text               mc_w.l(_scanf_str.o)
    0x080033fc   0x0000001a   Code   RO          973    .text               mc_w.l(atoi.o)
    0x08003416   0x00000064   Code   RO          975    .text               mf_w.l(fmul.o)
    0x0800347a   0x0000007c   Code   RO          977    .text               mf_w.l(fdiv.o)
    0x080034f6   0x000000e4   Code   RO          979    .text               mf_w.l(dmul.o)
    0x080035da   0x000000de   Code   RO          981    .text               mf_w.l(ddiv.o)
    0x080036b8   0x0000000a   Code   RO          983    .text               mf_w.l(ffltui.o)
    0x080036c2   0x00000022   Code   RO          985    .text               mf_w.l(dflti.o)
    0x080036e4   0x00000028   Code   RO          987    .text               mf_w.l(ffixui.o)
    0x0800370c   0x00000032   Code   RO          989    .text               mf_w.l(dfixui.o)
    0x0800373e   0x00000026   Code   RO          991    .text               mf_w.l(f2d.o)
    0x08003764   0x00000038   Code   RO          993    .text               mf_w.l(d2f.o)
    0x0800379c   0x0000002c   Code   RO         1009    .text               mc_w.l(uidiv.o)
    0x080037c8   0x00000020   Code   RO         1013    .text               mc_w.l(llushr.o)
    0x080037e8   0x00000028   Code   RO         1022    .text               mc_w.l(scanf_char.o)
    0x08003810   0x00000040   Code   RO         1024    .text               mc_w.l(_sgetc.o)
    0x08003850   0x00000070   Code   RO         1026    .text               mc_w.l(strtol.o)
    0x080038c0   0x00000000   Code   RO         1028    .text               mc_w.l(iusefp.o)
    0x080038c0   0x0000006e   Code   RO         1029    .text               mf_w.l(fepilogue.o)
    0x0800392e   0x000000ba   Code   RO         1031    .text               mf_w.l(depilogue.o)
    0x080039e8   0x00000024   Code   RO         1039    .text               mc_w.l(init.o)
    0x08003a0c   0x0000001e   Code   RO         1041    .text               mc_w.l(llshl.o)
    0x08003a2a   0x00000002   PAD
    0x08003a2c   0x00000008   Code   RO         1047    .text               mc_w.l(ctype_o.o)
    0x08003a34   0x00000012   Code   RO         1069    .text               mc_w.l(isspace_o.o)
    0x08003a46   0x00000002   PAD
    0x08003a48   0x0000032c   Code   RO         1075    .text               mc_w.l(_scanf.o)
    0x08003d74   0x0000009e   Code   RO         1077    .text               mc_w.l(_strtoul.o)
    0x08003e12   0x0000001c   Code   RO         1082    .text               mc_w.l(_chval.o)
    0x08003e2e   0x00000002   PAD
    0x08003e30   0x00000020   Code   RO          797    i.__0printf$3       mc_w.l(printf3.o)
    0x08003e50   0x00000008   Code   RO         1015    i.__aeabi_errno_addr  mc_w.l(errno.o)
    0x08003e58   0x0000000e   Code   RO         1086    i.__scatterload_copy  mc_w.l(handlers.o)
    0x08003e66   0x00000002   Code   RO         1087    i.__scatterload_null  mc_w.l(handlers.o)
    0x08003e68   0x0000000e   Code   RO         1088    i.__scatterload_zeroinit  mc_w.l(handlers.o)
    0x08003e76   0x00000002   PAD
    0x08003e78   0x000001b8   Code   RO          804    i._printf_core      mc_w.l(printf3.o)
    0x08004030   0x00000081   Data   RO         1048    .constdata          mc_w.l(ctype_o.o)
    0x080040b1   0x00000003   PAD
    0x080040b4   0x00000004   Data   RO         1049    .constdata          mc_w.l(ctype_o.o)
    0x080040b8   0x00000020   Data   RO         1084    Region$$Table       anon$$obj.o


    Execution Region RW_IRAM1 (Base: 0x20000000, Size: 0x00000528, Max: 0x0000c000, ABSOLUTE)

    Base Addr    Size         Type   Attr      Idx    E Section Name        Object

    0x20000000   0x00000014   Data   RW            3    .data               main.o
    0x20000014   0x00000014   Data   RW          206    .data               system_stm32f10x.o
    0x20000028   0x00000014   Data   RW          434    .data               stm32f10x_rcc.o
    0x2000003c   0x00000004   Data   RW          520    .data               delay.o
    0x20000040   0x00000006   Data   RW          551    .data               usart.o
    0x20000046   0x00000002   PAD
    0x20000048   0x0000000b   Data   RW          631    .data               key.o
    0x20000053   0x00000001   PAD
    0x20000054   0x00000002   Data   RW          650    .data               my_usart.o
    0x20000056   0x00000002   Data   RW          669    .data               adc.o
    0x20000058   0x00000004   Data   RW         1018    .data               mc_w.l(errno.o)
    0x2000005c   0x000000c8   Zero   RW          649    .bss                my_usart.o
    0x20000124   0x00000004   PAD
    0x20000128   0x00000400   Zero   RW          234    STACK               startup_stm32f10x_hd.o


==============================================================================

Image component sizes


      Code (inc. data)   RO Data    RW Data    ZI Data      Debug   Object Name

       316         16          0          2          0       1703   adc.o
         0          0          0          0          0         32   core_cm3.o
       224         12          0          0          0        928   dac.o
       212         18          0          4          0        987   delay.o
       992         54          0         11          0       1612   key.o
        44          4          0          0          0        447   led.o
       616        156          0         20          0     281183   main.o
       220         22          0          0          0       1765   misc.o
       448         28          0          2        200       2903   my_usart.o
        36          8        304          0       1024        776   startup_stm32f10x_hd.o
      1102         26          0          0          0      10801   stm32f10x_adc.o
       396          6          0          0          0       3614   stm32f10x_dac.o
       596          8          0          0          0       4294   stm32f10x_dma.o
       284         10          0          0          0       2199   stm32f10x_exti.o
       860         38          0          0          0       5609   stm32f10x_gpio.o
        26          0          0          0          0       1162   stm32f10x_it.o
       932         36          0         20          0       8764   stm32f10x_rcc.o
      3610         88          0          0          0      22096   stm32f10x_tim.o
      1032         22          0          0          0       8336   stm32f10x_usart.o
       480         38          0         20          0       1683   system_stm32f10x.o
       154          0          0          0          0       2587   tool.o
         0          0          0          6          0       1832   usart.o

    ----------------------------------------------------------------------
     12588        590        336         88       1228     365313   Object Totals
         0          0         32          0          0          0   (incl. Generated)
         8          0          0          3          4          0   (incl. Padding)

    ----------------------------------------------------------------------

      Code (inc. data)   RO Data    RW Data    ZI Data      Debug   Library Member Name

        56          8          0          0          0         84   __0sscanf.o
        28          0          0          0          0         68   _chval.o
       812          4          0          0          0        112   _scanf.o
       224          0          0          0          0         96   _scanf_str.o
        64          0          0          0          0         84   _sgetc.o
       158          0          0          0          0         92   _strtoul.o
        26          0          0          0          0         80   atoi.o
         8          4        133          0          0         68   ctype_o.o
         0          0          0          0          0          0   entry.o
         0          0          0          0          0          0   entry10a.o
         0          0          0          0          0          0   entry11a.o
         8          4          0          0          0          0   entry2.o
         4          0          0          0          0          0   entry5.o
         0          0          0          0          0          0   entry7b.o
         0          0          0          0          0          0   entry8b.o
         8          4          0          0          0          0   entry9a.o
         8          4          0          4          0         68   errno.o
        30          0          0          0          0          0   handlers.o
        36          8          0          0          0         68   init.o
        18          0          0          0          0         76   isspace_o.o
         0          0          0          0          0          0   iusefp.o
        30          0          0          0          0         68   llshl.o
        32          0          0          0          0         68   llushr.o
        36          0          0          0          0         68   memcpya.o
        36          0          0          0          0        108   memseta.o
       472         14          0          0          0        184   printf3.o
        40          8          0          0          0         84   scanf_char.o
        28          0          0          0          0         76   strcmp.o
        14          0          0          0          0         68   strlen.o
       112          0          0          0          0         88   strtol.o
        44          0          0          0          0         80   uidiv.o
        56          0          0          0          0         88   d2f.o
       222          0          0          0          0        100   ddiv.o
       186          0          0          0          0        176   depilogue.o
        50          0          0          0          0         76   dfixui.o
        34          0          0          0          0         76   dflti.o
       228          0          0          0          0         96   dmul.o
        38          0          0          0          0         68   f2d.o
       124          0          0          0          0         88   fdiv.o
       110          0          0          0          0        168   fepilogue.o
        40          0          0          0          0         68   ffixui.o
        10          0          0          0          0         68   ffltui.o
       100          0          0          0          0         76   fmul.o

    ----------------------------------------------------------------------
      3540         58        136          4          0       2936   Library Totals
        10          0          3          0          0          0   (incl. Padding)

    ----------------------------------------------------------------------

      Code (inc. data)   RO Data    RW Data    ZI Data      Debug   Library Name

      2332         58        133          4          0       1788   mc_w.l
      1198          0          0          0          0       1148   mf_w.l

    ----------------------------------------------------------------------
      3540         58        136          4          0       2936   Library Totals

    ----------------------------------------------------------------------

==============================================================================


      Code (inc. data)   RO Data    RW Data    ZI Data      Debug   

     16128        648        472         92       1228     365021   Grand Totals
     16128        648        472         92       1228     365021   ELF Image Totals
     16128        648        472         92          0          0   ROM Totals

==============================================================================

    Total RO  Size (Code + RO Data)                16600 (  16.21kB)
    Total RW  Size (RW Data + ZI Data)              1320 (   1.29kB)
    Total ROM Size (Code + RO Data + RW Data)      16692 (  16.30kB)

==============================================================================

